==14926== Memcheck, a memory error detector
==14926== Copyright (C) 2002-2022, and GNU GPL'd, by Julian Seward et al.
==14926== Using Valgrind-3.22.0-bd4db67b1d-20231031 and LibVEX; rerun with -h for copyright info
==14926== Command: ./server.x
==14926== Parent PID: 1613
==14926== 
--14926-- 
--14926-- Valgrind options:
--14926--    --leak-check=full
--14926--    --show-leak-kinds=all
--14926--    --track-origins=yes
--14926--    --verbose
--14926--    --log-file=logs/check-registry.log
--14926-- Contents of /proc/version:
--14926--   Linux version 6.6.87.2-microsoft-standard-WSL2 (root@439a258ad544) (gcc (GCC) 11.2.0, GNU ld (GNU Binutils) 2.37) #1 SMP PREEMPT_DYNAMIC Thu Jun  5 18:30:46 UTC 2025
--14926-- 
--14926-- Arch and hwcaps: AMD64, LittleEndian, amd64-cx16-lzcnt-rdtscp-sse3-ssse3-avx-avx2-bmi-f16c-rdrand-rdseed
--14926-- Page sizes: currently 4096, max supported 4096
--14926-- Valgrind library directory: /usr/libexec/valgrind
--14926-- Reading syms from /mnt/g/School/GoblinColosseum/server/server.x
--14926-- Reading syms from /usr/lib/x86_64-linux-gnu/ld-linux-x86-64.so.2
--14926--   Considering /usr/lib/debug/.build-id/52/0e05878220fb2fc6d28ff46b63b3fd5d48e763.debug ..
--14926--   .. build-id is valid
--14926-- Reading syms from /usr/libexec/valgrind/memcheck-amd64-linux
--14926--    object doesn't have a dynamic symbol table
--14926-- Scheduler: using generic scheduler lock implementation.
--14926-- Reading suppressions file: /usr/libexec/valgrind/default.supp
==14926== embedded gdbserver: reading from /tmp/vgdb-pipe-from-vgdb-to-14926-by-zato-on-???
==14926== embedded gdbserver: writing to   /tmp/vgdb-pipe-to-vgdb-from-14926-by-zato-on-???
==14926== embedded gdbserver: shared mem   /tmp/vgdb-pipe-shared-mem-vgdb-14926-by-zato-on-???
==14926== 
==14926== TO CONTROL THIS PROCESS USING vgdb (which you probably
==14926== don't want to do, unless you know exactly what you're doing,
==14926== or are doing some strange experiment):
==14926==   /usr/bin/vgdb --pid=14926 ...command...
==14926== 
==14926== TO DEBUG THIS PROCESS USING GDB: start GDB like this
==14926==   /path/to/gdb ./server.x
==14926== and then give GDB the following command
==14926==   target remote | /usr/bin/vgdb --pid=14926
==14926== --pid is optional if only one valgrind process is running
==14926== 
--14926-- REDIR: 0x4028b00 (ld-linux-x86-64.so.2:strlen) redirected to 0x580c2e1a (???)
--14926-- REDIR: 0x40272b0 (ld-linux-x86-64.so.2:index) redirected to 0x580c2e34 (???)
--14926-- Reading syms from /usr/libexec/valgrind/vgpreload_core-amd64-linux.so
--14926-- Reading syms from /usr/libexec/valgrind/vgpreload_memcheck-amd64-linux.so
==14926== WARNING: new redirection conflicts with existing -- ignoring it
--14926--     old: 0x04028b00 (strlen              ) R-> (0000.0) 0x580c2e1a ???
--14926--     new: 0x04028b00 (strlen              ) R-> (2007.0) 0x0484f340 strlen
--14926-- REDIR: 0x40274e0 (ld-linux-x86-64.so.2:strcmp) redirected to 0x4850460 (strcmp)
--14926-- REDIR: 0x4026910 (ld-linux-x86-64.so.2:mempcpy) redirected to 0x4853cd0 (mempcpy)
--14926-- Reading syms from /usr/lib/x86_64-linux-gnu/libstdc++.so.6.0.33
--14926-- Reading syms from /usr/lib/x86_64-linux-gnu/libgcc_s.so.1
--14926-- Reading syms from /usr/lib/x86_64-linux-gnu/libc.so.6
--14926--   Considering /usr/lib/debug/.build-id/27/4eec488d230825a136fa9c4d85370fed7a0a5e.debug ..
--14926--   .. build-id is valid
--14926-- Reading syms from /usr/lib/x86_64-linux-gnu/libm.so.6
--14926-- REDIR: 0x4028ca0 (ld-linux-x86-64.so.2:strncmp) redirected to 0x484fc90 (strncmp)
--14926-- REDIR: 0x4bcf050 (libc.so.6:strnlen) redirected to 0x483d1c0 (_vgnU_ifunc_wrapper)
--14926-- REDIR: 0x4bcf0e0 (libc.so.6:strpbrk) redirected to 0x483d1c0 (_vgnU_ifunc_wrapper)
--14926-- REDIR: 0x4bcd1a0 (libc.so.6:strcmp) redirected to 0x483d1c0 (_vgnU_ifunc_wrapper)
--14926-- REDIR: 0x4be63b0 (libc.so.6:wcsnlen) redirected to 0x483d1c0 (_vgnU_ifunc_wrapper)
--14926-- REDIR: 0x4bcc290 (libc.so.6:memset) redirected to 0x483d1c0 (_vgnU_ifunc_wrapper)
--14926-- REDIR: 0x4be5b20 (libc.so.6:wcslen) redirected to 0x483d1c0 (_vgnU_ifunc_wrapper)
--14926-- REDIR: 0x4c513f0 (libc.so.6:__memcpy_chk) redirected to 0x483d1c0 (_vgnU_ifunc_wrapper)
--14926-- REDIR: 0x4bcc200 (libc.so.6:memrchr) redirected to 0x483d1c0 (_vgnU_ifunc_wrapper)
--14926-- REDIR: 0x4be6350 (libc.so.6:wcsncpy) redirected to 0x483d1c0 (_vgnU_ifunc_wrapper)
--14926-- REDIR: 0x4bcb720 (libc.so.6:memcpy@@GLIBC_2.14) redirected to 0x483d1c0 (_vgnU_ifunc_wrapper)
--14926-- REDIR: 0x4be48e0 (libc.so.6:wcschr) redirected to 0x483d1c0 (_vgnU_ifunc_wrapper)
--14926-- REDIR: 0x4bcd090 (libc.so.6:index) redirected to 0x483d1c0 (_vgnU_ifunc_wrapper)
--14926-- REDIR: 0x4bcf110 (libc.so.6:rindex) redirected to 0x483d1c0 (_vgnU_ifunc_wrapper)
--14926-- REDIR: 0x4be4990 (libc.so.6:wcscmp) redirected to 0x483d1c0 (_vgnU_ifunc_wrapper)
--14926-- REDIR: 0x4bcc4b0 (libc.so.6:stpncpy) redirected to 0x483d1c0 (_vgnU_ifunc_wrapper)
--14926-- REDIR: 0x4bf2eb0 (libc.so.6:wmemchr) redirected to 0x483d1c0 (_vgnU_ifunc_wrapper)
--14926-- REDIR: 0x4bceef0 (libc.so.6:strncmp) redirected to 0x483d1c0 (_vgnU_ifunc_wrapper)
--14926-- REDIR: 0x4bcc510 (libc.so.6:strcasecmp) redirected to 0x483d1c0 (_vgnU_ifunc_wrapper)
--14926-- REDIR: 0x4bce310 (libc.so.6:strcspn) redirected to 0x483d1c0 (_vgnU_ifunc_wrapper)
--14926-- REDIR: 0x4be58f0 (libc.so.6:wcscpy) redirected to 0x483d1c0 (_vgnU_ifunc_wrapper)
--14926-- REDIR: 0x4bcd020 (libc.so.6:strcat) redirected to 0x483d1c0 (_vgnU_ifunc_wrapper)
--14926-- REDIR: 0x4bcedf0 (libc.so.6:strncasecmp_l) redirected to 0x483d1c0 (_vgnU_ifunc_wrapper)
--14926-- REDIR: 0x4bcd110 (libc.so.6:strchrnul) redirected to 0x483d1c0 (_vgnU_ifunc_wrapper)
--14926-- REDIR: 0x4bcb630 (libc.so.6:bcmp) redirected to 0x483d1c0 (_vgnU_ifunc_wrapper)
--14926-- REDIR: 0x4bce2a0 (libc.so.6:strcpy) redirected to 0x483d1c0 (_vgnU_ifunc_wrapper)
--14926-- REDIR: 0x4bcc5b0 (libc.so.6:strcasecmp_l) redirected to 0x483d1c0 (_vgnU_ifunc_wrapper)
--14926-- REDIR: 0x4bcecc0 (libc.so.6:strlen) redirected to 0x483d1c0 (_vgnU_ifunc_wrapper)
--14926-- REDIR: 0x4bcef90 (libc.so.6:strncpy) redirected to 0x483d1c0 (_vgnU_ifunc_wrapper)
--14926-- REDIR: 0x4bf2f30 (libc.so.6:wmemcmp) redirected to 0x483d1c0 (_vgnU_ifunc_wrapper)
--14926-- REDIR: 0x4c51510 (libc.so.6:__memmove_chk) redirected to 0x483d1c0 (_vgnU_ifunc_wrapper)
==14926== WARNING: new redirection conflicts with existing -- ignoring it
--14926--     old: 0x04ca2a10 (__memcpy_chk_avx_una) R-> (2030.0) 0x04853dd0 __memcpy_chk
--14926--     new: 0x04ca2a10 (__memcpy_chk_avx_una) R-> (2024.0) 0x04853740 __memmove_chk
--14926-- REDIR: 0x4bcc440 (libc.so.6:stpcpy) redirected to 0x483d1c0 (_vgnU_ifunc_wrapper)
--14926-- REDIR: 0x4bcbfc0 (libc.so.6:memmove) redirected to 0x483d1c0 (_vgnU_ifunc_wrapper)
==14926== Preferring higher priority redirection:
--14926--     old: 0x04ca2a40 (__memcpy_avx_unalign) R-> (2018.0) 0x04851580 __memcpy_avx_unaligned_erms
--14926--     new: 0x04ca2a40 (__memcpy_avx_unalign) R-> (2018.1) 0x04852d60 memmove
--14926-- REDIR: 0x4bcb5b0 (libc.so.6:memchr) redirected to 0x483d1c0 (_vgnU_ifunc_wrapper)
--14926-- REDIR: 0x4bcf2e0 (libc.so.6:strspn) redirected to 0x483d1c0 (_vgnU_ifunc_wrapper)
--14926-- REDIR: 0x4bcc0e0 (libc.so.6:mempcpy) redirected to 0x483d1c0 (_vgnU_ifunc_wrapper)
--14926-- REDIR: 0x4bced50 (libc.so.6:strncasecmp) redirected to 0x483d1c0 (_vgnU_ifunc_wrapper)
--14926-- REDIR: 0x4ca7630 (libc.so.6:__strrchr_avx2) redirected to 0x484ed20 (rindex)
--14926-- REDIR: 0x4ca5780 (libc.so.6:__strlen_avx2) redirected to 0x484f220 (strlen)
--14926-- REDIR: 0x4ca22e0 (libc.so.6:__memcmp_avx2_movbe) redirected to 0x4852480 (bcmp)
--14926-- REDIR: 0x4ca6860 (libc.so.6:__strncmp_avx2) redirected to 0x484fab0 (strncmp)
--14926-- REDIR: 0x4bc7650 (libc.so.6:malloc) redirected to 0x48467b0 (malloc)
--14926-- REDIR: 0x4ca2a40 (libc.so.6:__memcpy_avx_unaligned_erms) redirected to 0x4852d60 (memmove)
--14926-- REDIR: 0x4ca3440 (libc.so.6:__memset_avx2_unaligned_erms) redirected to 0x4852c50 (memset)
--14926-- REDIR: 0x4bc7d30 (libc.so.6:free) redirected to 0x4849820 (free)
--14926-- REDIR: 0x4ca4ba0 (libc.so.6:__strchr_avx2) redirected to 0x484ef00 (index)
--14926-- REDIR: 0x4ca2040 (libc.so.6:__memchr_avx2) redirected to 0x48504e0 (memchr)
--14926-- REDIR: 0x4bc80a0 (libc.so.6:realloc) redirected to 0x484db00 (realloc)
--14926-- REDIR: 0x4ca2a00 (libc.so.6:__mempcpy_avx_unaligned_erms) redirected to 0x48538d0 (mempcpy)
--14926-- REDIR: 0x49298e0 (libstdc++.so.6:operator new(unsigned long)) redirected to 0x4846f30 (operator new(unsigned long))
--14926-- REDIR: 0x49278a0 (libstdc++.so.6:operator delete(void*)) redirected to 0x484a080 (operator delete(void*))
--14926-- REDIR: 0x4ca6ec0 (libc.so.6:__strncpy_avx2) redirected to 0x484f4f0 (strncpy)
--14926-- REDIR: 0x4ca4de0 (libc.so.6:__strchrnul_avx2) redirected to 0x48537b0 (strchrnul)
--14926-- REDIR: 0x49278b0 (libstdc++.so.6:operator delete(void*, unsigned long)) redirected to 0x484a530 (operator delete(void*, unsigned long))
==14926== 
==14926== HEAP SUMMARY:
==14926==     in use at exit: 0 bytes in 0 blocks
==14926==   total heap usage: 48 allocs, 48 frees, 91,743 bytes allocated
==14926== 
==14926== All heap blocks were freed -- no leaks are possible
==14926== 
==14926== ERROR SUMMARY: 0 errors from 0 contexts (suppressed: 0 from 0)
