==31544== Memcheck, a memory error detector
==31544== Copyright (C) 2002-2022, and GNU GPL'd, by Julian Seward et al.
==31544== Using Valgrind-3.22.0-bd4db67b1d-20231031 and LibVEX; rerun with -h for copyright info
==31544== Command: ./server.x
==31544== Parent PID: 31523
==31544== 
--31544-- 
--31544-- Valgrind options:
--31544--    --leak-check=full
--31544--    --show-leak-kinds=all
--31544--    --track-origins=yes
--31544--    --verbose
--31544--    --log-file=logs/default.log
--31544-- Contents of /proc/version:
--31544--   Linux version 6.6.87.2-microsoft-standard-WSL2 (root@439a258ad544) (gcc (GCC) 11.2.0, GNU ld (GNU Binutils) 2.37) #1 SMP PREEMPT_DYNAMIC Thu Jun  5 18:30:46 UTC 2025
--31544-- 
--31544-- Arch and hwcaps: AMD64, LittleEndian, amd64-cx16-lzcnt-rdtscp-sse3-ssse3-avx-avx2-bmi-f16c-rdrand-rdseed
--31544-- Page sizes: currently 4096, max supported 4096
--31544-- Valgrind library directory: /usr/libexec/valgrind
--31544-- Reading syms from /mnt/g/School/GoblinColosseum/server/server.x
--31544-- Reading syms from /usr/lib/x86_64-linux-gnu/ld-linux-x86-64.so.2
--31544--   Considering /usr/lib/debug/.build-id/52/0e05878220fb2fc6d28ff46b63b3fd5d48e763.debug ..
--31544--   .. build-id is valid
--31544-- Reading syms from /usr/libexec/valgrind/memcheck-amd64-linux
--31544--    object doesn't have a dynamic symbol table
--31544-- Scheduler: using generic scheduler lock implementation.
--31544-- Reading suppressions file: /usr/libexec/valgrind/default.supp
==31544== embedded gdbserver: reading from /tmp/vgdb-pipe-from-vgdb-to-31544-by-zato-on-???
==31544== embedded gdbserver: writing to   /tmp/vgdb-pipe-to-vgdb-from-31544-by-zato-on-???
==31544== embedded gdbserver: shared mem   /tmp/vgdb-pipe-shared-mem-vgdb-31544-by-zato-on-???
==31544== 
==31544== TO CONTROL THIS PROCESS USING vgdb (which you probably
==31544== don't want to do, unless you know exactly what you're doing,
==31544== or are doing some strange experiment):
==31544==   /usr/bin/vgdb --pid=31544 ...command...
==31544== 
==31544== TO DEBUG THIS PROCESS USING GDB: start GDB like this
==31544==   /path/to/gdb ./server.x
==31544== and then give GDB the following command
==31544==   target remote | /usr/bin/vgdb --pid=31544
==31544== --pid is optional if only one valgrind process is running
==31544== 
--31544-- REDIR: 0x4028b00 (ld-linux-x86-64.so.2:strlen) redirected to 0x580c2e1a (???)
--31544-- REDIR: 0x40272b0 (ld-linux-x86-64.so.2:index) redirected to 0x580c2e34 (???)
--31544-- Reading syms from /usr/libexec/valgrind/vgpreload_core-amd64-linux.so
--31544-- Reading syms from /usr/libexec/valgrind/vgpreload_memcheck-amd64-linux.so
==31544== WARNING: new redirection conflicts with existing -- ignoring it
--31544--     old: 0x04028b00 (strlen              ) R-> (0000.0) 0x580c2e1a ???
--31544--     new: 0x04028b00 (strlen              ) R-> (2007.0) 0x0484f340 strlen
--31544-- REDIR: 0x40274e0 (ld-linux-x86-64.so.2:strcmp) redirected to 0x4850460 (strcmp)
--31544-- REDIR: 0x4026910 (ld-linux-x86-64.so.2:mempcpy) redirected to 0x4853cd0 (mempcpy)
--31544-- Reading syms from /usr/lib/x86_64-linux-gnu/libstdc++.so.6.0.33
--31544-- Reading syms from /usr/lib/x86_64-linux-gnu/libgcc_s.so.1
--31544-- Reading syms from /usr/lib/x86_64-linux-gnu/libc.so.6
--31544--   Considering /usr/lib/debug/.build-id/27/4eec488d230825a136fa9c4d85370fed7a0a5e.debug ..
--31544--   .. build-id is valid
--31544-- Reading syms from /usr/lib/x86_64-linux-gnu/libm.so.6
--31544-- REDIR: 0x4028ca0 (ld-linux-x86-64.so.2:strncmp) redirected to 0x484fc90 (strncmp)
--31544-- REDIR: 0x4bcf050 (libc.so.6:strnlen) redirected to 0x483d1c0 (_vgnU_ifunc_wrapper)
--31544-- REDIR: 0x4bcf0e0 (libc.so.6:strpbrk) redirected to 0x483d1c0 (_vgnU_ifunc_wrapper)
--31544-- REDIR: 0x4bcd1a0 (libc.so.6:strcmp) redirected to 0x483d1c0 (_vgnU_ifunc_wrapper)
--31544-- REDIR: 0x4be63b0 (libc.so.6:wcsnlen) redirected to 0x483d1c0 (_vgnU_ifunc_wrapper)
--31544-- REDIR: 0x4bcc290 (libc.so.6:memset) redirected to 0x483d1c0 (_vgnU_ifunc_wrapper)
--31544-- REDIR: 0x4be5b20 (libc.so.6:wcslen) redirected to 0x483d1c0 (_vgnU_ifunc_wrapper)
--31544-- REDIR: 0x4c513f0 (libc.so.6:__memcpy_chk) redirected to 0x483d1c0 (_vgnU_ifunc_wrapper)
--31544-- REDIR: 0x4bcc200 (libc.so.6:memrchr) redirected to 0x483d1c0 (_vgnU_ifunc_wrapper)
--31544-- REDIR: 0x4be6350 (libc.so.6:wcsncpy) redirected to 0x483d1c0 (_vgnU_ifunc_wrapper)
--31544-- REDIR: 0x4bcb720 (libc.so.6:memcpy@@GLIBC_2.14) redirected to 0x483d1c0 (_vgnU_ifunc_wrapper)
--31544-- REDIR: 0x4be48e0 (libc.so.6:wcschr) redirected to 0x483d1c0 (_vgnU_ifunc_wrapper)
--31544-- REDIR: 0x4bcd090 (libc.so.6:index) redirected to 0x483d1c0 (_vgnU_ifunc_wrapper)
--31544-- REDIR: 0x4bcf110 (libc.so.6:rindex) redirected to 0x483d1c0 (_vgnU_ifunc_wrapper)
--31544-- REDIR: 0x4be4990 (libc.so.6:wcscmp) redirected to 0x483d1c0 (_vgnU_ifunc_wrapper)
--31544-- REDIR: 0x4bcc4b0 (libc.so.6:stpncpy) redirected to 0x483d1c0 (_vgnU_ifunc_wrapper)
--31544-- REDIR: 0x4bf2eb0 (libc.so.6:wmemchr) redirected to 0x483d1c0 (_vgnU_ifunc_wrapper)
--31544-- REDIR: 0x4bceef0 (libc.so.6:strncmp) redirected to 0x483d1c0 (_vgnU_ifunc_wrapper)
--31544-- REDIR: 0x4bcc510 (libc.so.6:strcasecmp) redirected to 0x483d1c0 (_vgnU_ifunc_wrapper)
--31544-- REDIR: 0x4bce310 (libc.so.6:strcspn) redirected to 0x483d1c0 (_vgnU_ifunc_wrapper)
--31544-- REDIR: 0x4be58f0 (libc.so.6:wcscpy) redirected to 0x483d1c0 (_vgnU_ifunc_wrapper)
--31544-- REDIR: 0x4bcd020 (libc.so.6:strcat) redirected to 0x483d1c0 (_vgnU_ifunc_wrapper)
--31544-- REDIR: 0x4bcedf0 (libc.so.6:strncasecmp_l) redirected to 0x483d1c0 (_vgnU_ifunc_wrapper)
--31544-- REDIR: 0x4bcd110 (libc.so.6:strchrnul) redirected to 0x483d1c0 (_vgnU_ifunc_wrapper)
--31544-- REDIR: 0x4bcb630 (libc.so.6:bcmp) redirected to 0x483d1c0 (_vgnU_ifunc_wrapper)
--31544-- REDIR: 0x4bce2a0 (libc.so.6:strcpy) redirected to 0x483d1c0 (_vgnU_ifunc_wrapper)
--31544-- REDIR: 0x4bcc5b0 (libc.so.6:strcasecmp_l) redirected to 0x483d1c0 (_vgnU_ifunc_wrapper)
--31544-- REDIR: 0x4bcecc0 (libc.so.6:strlen) redirected to 0x483d1c0 (_vgnU_ifunc_wrapper)
--31544-- REDIR: 0x4bcef90 (libc.so.6:strncpy) redirected to 0x483d1c0 (_vgnU_ifunc_wrapper)
--31544-- REDIR: 0x4bf2f30 (libc.so.6:wmemcmp) redirected to 0x483d1c0 (_vgnU_ifunc_wrapper)
--31544-- REDIR: 0x4c51510 (libc.so.6:__memmove_chk) redirected to 0x483d1c0 (_vgnU_ifunc_wrapper)
==31544== WARNING: new redirection conflicts with existing -- ignoring it
--31544--     old: 0x04ca2a10 (__memcpy_chk_avx_una) R-> (2030.0) 0x04853dd0 __memcpy_chk
--31544--     new: 0x04ca2a10 (__memcpy_chk_avx_una) R-> (2024.0) 0x04853740 __memmove_chk
--31544-- REDIR: 0x4bcc440 (libc.so.6:stpcpy) redirected to 0x483d1c0 (_vgnU_ifunc_wrapper)
--31544-- REDIR: 0x4bcbfc0 (libc.so.6:memmove) redirected to 0x483d1c0 (_vgnU_ifunc_wrapper)
==31544== Preferring higher priority redirection:
--31544--     old: 0x04ca2a40 (__memcpy_avx_unalign) R-> (2018.0) 0x04851580 __memcpy_avx_unaligned_erms
--31544--     new: 0x04ca2a40 (__memcpy_avx_unalign) R-> (2018.1) 0x04852d60 memmove
--31544-- REDIR: 0x4bcb5b0 (libc.so.6:memchr) redirected to 0x483d1c0 (_vgnU_ifunc_wrapper)
--31544-- REDIR: 0x4bcf2e0 (libc.so.6:strspn) redirected to 0x483d1c0 (_vgnU_ifunc_wrapper)
--31544-- REDIR: 0x4bcc0e0 (libc.so.6:mempcpy) redirected to 0x483d1c0 (_vgnU_ifunc_wrapper)
--31544-- REDIR: 0x4bced50 (libc.so.6:strncasecmp) redirected to 0x483d1c0 (_vgnU_ifunc_wrapper)
--31544-- REDIR: 0x4ca7630 (libc.so.6:__strrchr_avx2) redirected to 0x484ed20 (rindex)
--31544-- REDIR: 0x4ca5780 (libc.so.6:__strlen_avx2) redirected to 0x484f220 (strlen)
--31544-- REDIR: 0x4ca22e0 (libc.so.6:__memcmp_avx2_movbe) redirected to 0x4852480 (bcmp)
--31544-- REDIR: 0x4ca6860 (libc.so.6:__strncmp_avx2) redirected to 0x484fab0 (strncmp)
--31544-- REDIR: 0x4bc7650 (libc.so.6:malloc) redirected to 0x48467b0 (malloc)
--31544-- REDIR: 0x4ca2a40 (libc.so.6:__memcpy_avx_unaligned_erms) redirected to 0x4852d60 (memmove)
--31544-- REDIR: 0x4ca3440 (libc.so.6:__memset_avx2_unaligned_erms) redirected to 0x4852c50 (memset)
--31544-- REDIR: 0x4bc7d30 (libc.so.6:free) redirected to 0x4849820 (free)
--31544-- REDIR: 0x4ca4ba0 (libc.so.6:__strchr_avx2) redirected to 0x484ef00 (index)
--31544-- REDIR: 0x4ca2040 (libc.so.6:__memchr_avx2) redirected to 0x48504e0 (memchr)
--31544-- REDIR: 0x4bc80a0 (libc.so.6:realloc) redirected to 0x484db00 (realloc)
--31544-- REDIR: 0x4ca2a00 (libc.so.6:__mempcpy_avx_unaligned_erms) redirected to 0x48538d0 (mempcpy)
--31544-- REDIR: 0x4ca4de0 (libc.so.6:__strchrnul_avx2) redirected to 0x48537b0 (strchrnul)
--31544-- REDIR: 0x49298e0 (libstdc++.so.6:operator new(unsigned long)) redirected to 0x4846f30 (operator new(unsigned long))
--31544-- REDIR: 0x49278a0 (libstdc++.so.6:operator delete(void*)) redirected to 0x484a080 (operator delete(void*))
--31544-- REDIR: 0x4ca6ec0 (libc.so.6:__strncpy_avx2) redirected to 0x484f4f0 (strncpy)
--31544-- REDIR: 0x49278b0 (libstdc++.so.6:operator delete(void*, unsigned long)) redirected to 0x484a530 (operator delete(void*, unsigned long))
==31544== Stack overflow in thread #1: can't grow stack to 0x1ffe801000
==31544== 
==31544== Process terminating with default action of signal 11 (SIGSEGV)
==31544==  Access not within mapped region at address 0x1FFE801FE8
==31544== Stack overflow in thread #1: can't grow stack to 0x1ffe801000
==31544==    at 0x1145A1: std::_Rb_tree<unsigned long, std::pair<unsigned long const, PlayerEntry*>, std::_Select1st<std::pair<unsigned long const, PlayerEntry*> >, std::less<unsigned long>, std::allocator<std::pair<unsigned long const, PlayerEntry*> > >::_S_key(std::_Rb_tree_node<std::pair<unsigned long const, PlayerEntry*> > const*) (in /mnt/g/School/GoblinColosseum/server/server.x)
==31544==  If you believe this happened as a result of a stack
==31544==  overflow in your program's main thread (unlikely but
==31544==  possible), you can try to increase the size of the
==31544==  main thread stack using the --main-stacksize= flag.
==31544==  The main thread stack size used in this run was 8388608.
==31544== 
==31544== HEAP SUMMARY:
==31544==     in use at exit: 76,718 bytes in 9 blocks
==31544==   total heap usage: 45 allocs, 36 frees, 86,980 bytes allocated
==31544== 
==31544== Searching for pointers to 9 not-freed blocks
==31544== Checked 5,494,408 bytes
==31544== 
==31544== 22 bytes in 1 blocks are still reachable in loss record 1 of 7
==31544==    at 0x4846FA3: operator new(unsigned long) (in /usr/libexec/valgrind/vgpreload_memcheck-amd64-linux.so)
==31544==    by 0x10E12E: void std::__cxx11::basic_string<char, std::char_traits<char>, std::allocator<char> >::_M_construct<char const*>(char const*, char const*, std::forward_iterator_tag) (basic_string.tcc:229)
==31544==    by 0x10DE1D: std::__cxx11::basic_string<char, std::char_traits<char>, std::allocator<char> >::basic_string<std::allocator<char> >(char const*, std::allocator<char> const&) (basic_string.h:649)
==31544==    by 0x10DC36: clientAddrInfo::clientAddrInfo() (packets.hpp:29)
==31544==    by 0x10CF92: sendPeerInfo(ClientPacket, int) (server.cpp:322)
==31544==    by 0x10BFCC: main (server.cpp:99)
==31544== 
==31544== 48 bytes in 1 blocks are still reachable in loss record 2 of 7
==31544==    at 0x4846FA3: operator new(unsigned long) (in /usr/libexec/valgrind/vgpreload_memcheck-amd64-linux.so)
==31544==    by 0x1153C0: std::__new_allocator<std::_Rb_tree_node<std::pair<unsigned long const, PlayerEntry*> > >::allocate(unsigned long, void const*) (in /mnt/g/School/GoblinColosseum/server/server.x)
==31544==    by 0x115099: std::_Rb_tree<unsigned long, std::pair<unsigned long const, PlayerEntry*>, std::_Select1st<std::pair<unsigned long const, PlayerEntry*> >, std::less<unsigned long>, std::allocator<std::pair<unsigned long const, PlayerEntry*> > >::_M_get_node() (in /mnt/g/School/GoblinColosseum/server/server.x)
==31544==    by 0x114BFE: std::_Rb_tree_node<std::pair<unsigned long const, PlayerEntry*> >* std::_Rb_tree<unsigned long, std::pair<unsigned long const, PlayerEntry*>, std::_Select1st<std::pair<unsigned long const, PlayerEntry*> >, std::less<unsigned long>, std::allocator<std::pair<unsigned long const, PlayerEntry*> > >::_M_create_node<std::piecewise_construct_t const&, std::tuple<unsigned long const&>, std::tuple<PlayerEntry*&> >(std::piecewise_construct_t const&, std::tuple<unsigned long const&>&&, std::tuple<PlayerEntry*&>&&) (in /mnt/g/School/GoblinColosseum/server/server.x)
==31544==    by 0x1146A8: std::_Rb_tree<unsigned long, std::pair<unsigned long const, PlayerEntry*>, std::_Select1st<std::pair<unsigned long const, PlayerEntry*> >, std::less<unsigned long>, std::allocator<std::pair<unsigned long const, PlayerEntry*> > >::_Auto_node::_Auto_node<std::piecewise_construct_t const&, std::tuple<unsigned long const&>, std::tuple<PlayerEntry*&> >(std::_Rb_tree<unsigned long, std::pair<unsigned long const, PlayerEntry*>, std::_Select1st<std::pair<unsigned long const, PlayerEntry*> >, std::less<unsigned long>, std::allocator<std::pair<unsigned long const, PlayerEntry*> > >&, std::piecewise_construct_t const&, std::tuple<unsigned long const&>&&, std::tuple<PlayerEntry*&>&&) (in /mnt/g/School/GoblinColosseum/server/server.x)
==31544==    by 0x11415C: std::_Rb_tree_iterator<std::pair<unsigned long const, PlayerEntry*> > std::_Rb_tree<unsigned long, std::pair<unsigned long const, PlayerEntry*>, std::_Select1st<std::pair<unsigned long const, PlayerEntry*> >, std::less<unsigned long>, std::allocator<std::pair<unsigned long const, PlayerEntry*> > >::_M_emplace_hint_unique<std::piecewise_construct_t const&, std::tuple<unsigned long const&>, std::tuple<PlayerEntry*&> >(std::_Rb_tree_const_iterator<std::pair<unsigned long const, PlayerEntry*> >, std::piecewise_construct_t const&, std::tuple<unsigned long const&>&&, std::tuple<PlayerEntry*&>&&) (in /mnt/g/School/GoblinColosseum/server/server.x)
==31544==    by 0x113AA4: std::_Rb_tree_iterator<std::pair<unsigned long const, PlayerEntry*> > std::map<unsigned long, PlayerEntry*, std::less<unsigned long>, std::allocator<std::pair<unsigned long const, PlayerEntry*> > >::emplace_hint<std::piecewise_construct_t const&, std::tuple<unsigned long const&>, std::tuple<PlayerEntry*&> >(std::_Rb_tree_const_iterator<std::pair<unsigned long const, PlayerEntry*> >, std::piecewise_construct_t const&, std::tuple<unsigned long const&>&&, std::tuple<PlayerEntry*&>&&) (in /mnt/g/School/GoblinColosseum/server/server.x)
==31544==    by 0x113326: std::pair<std::_Rb_tree_iterator<std::pair<unsigned long const, PlayerEntry*> >, bool> std::map<unsigned long, PlayerEntry*, std::less<unsigned long>, std::allocator<std::pair<unsigned long const, PlayerEntry*> > >::insert_or_assign<PlayerEntry*&>(unsigned long const&, PlayerEntry*&) (in /mnt/g/School/GoblinColosseum/server/server.x)
==31544==    by 0x112244: Registry::setNewId(PlayerEntry*, int) (in /mnt/g/School/GoblinColosseum/server/server.x)
==31544==    by 0x10C7DE: createLobby(ClientPacket, int, sockaddr_in) (server.cpp:214)
==31544==    by 0x10BEF2: main (server.cpp:87)
==31544== 
==31544== 96 bytes in 2 blocks are still reachable in loss record 3 of 7
==31544==    at 0x4846FA3: operator new(unsigned long) (in /usr/libexec/valgrind/vgpreload_memcheck-amd64-linux.so)
==31544==    by 0x1153C0: std::__new_allocator<std::_Rb_tree_node<std::pair<unsigned long const, PlayerEntry*> > >::allocate(unsigned long, void const*) (in /mnt/g/School/GoblinColosseum/server/server.x)
==31544==    by 0x115099: std::_Rb_tree<unsigned long, std::pair<unsigned long const, PlayerEntry*>, std::_Select1st<std::pair<unsigned long const, PlayerEntry*> >, std::less<unsigned long>, std::allocator<std::pair<unsigned long const, PlayerEntry*> > >::_M_get_node() (in /mnt/g/School/GoblinColosseum/server/server.x)
==31544==    by 0x114BFE: std::_Rb_tree_node<std::pair<unsigned long const, PlayerEntry*> >* std::_Rb_tree<unsigned long, std::pair<unsigned long const, PlayerEntry*>, std::_Select1st<std::pair<unsigned long const, PlayerEntry*> >, std::less<unsigned long>, std::allocator<std::pair<unsigned long const, PlayerEntry*> > >::_M_create_node<std::piecewise_construct_t const&, std::tuple<unsigned long const&>, std::tuple<PlayerEntry*&> >(std::piecewise_construct_t const&, std::tuple<unsigned long const&>&&, std::tuple<PlayerEntry*&>&&) (in /mnt/g/School/GoblinColosseum/server/server.x)
==31544==    by 0x1146A8: std::_Rb_tree<unsigned long, std::pair<unsigned long const, PlayerEntry*>, std::_Select1st<std::pair<unsigned long const, PlayerEntry*> >, std::less<unsigned long>, std::allocator<std::pair<unsigned long const, PlayerEntry*> > >::_Auto_node::_Auto_node<std::piecewise_construct_t const&, std::tuple<unsigned long const&>, std::tuple<PlayerEntry*&> >(std::_Rb_tree<unsigned long, std::pair<unsigned long const, PlayerEntry*>, std::_Select1st<std::pair<unsigned long const, PlayerEntry*> >, std::less<unsigned long>, std::allocator<std::pair<unsigned long const, PlayerEntry*> > >&, std::piecewise_construct_t const&, std::tuple<unsigned long const&>&&, std::tuple<PlayerEntry*&>&&) (in /mnt/g/School/GoblinColosseum/server/server.x)
==31544==    by 0x11415C: std::_Rb_tree_iterator<std::pair<unsigned long const, PlayerEntry*> > std::_Rb_tree<unsigned long, std::pair<unsigned long const, PlayerEntry*>, std::_Select1st<std::pair<unsigned long const, PlayerEntry*> >, std::less<unsigned long>, std::allocator<std::pair<unsigned long const, PlayerEntry*> > >::_M_emplace_hint_unique<std::piecewise_construct_t const&, std::tuple<unsigned long const&>, std::tuple<PlayerEntry*&> >(std::_Rb_tree_const_iterator<std::pair<unsigned long const, PlayerEntry*> >, std::piecewise_construct_t const&, std::tuple<unsigned long const&>&&, std::tuple<PlayerEntry*&>&&) (in /mnt/g/School/GoblinColosseum/server/server.x)
==31544==    by 0x113AA4: std::_Rb_tree_iterator<std::pair<unsigned long const, PlayerEntry*> > std::map<unsigned long, PlayerEntry*, std::less<unsigned long>, std::allocator<std::pair<unsigned long const, PlayerEntry*> > >::emplace_hint<std::piecewise_construct_t const&, std::tuple<unsigned long const&>, std::tuple<PlayerEntry*&> >(std::_Rb_tree_const_iterator<std::pair<unsigned long const, PlayerEntry*> >, std::piecewise_construct_t const&, std::tuple<unsigned long const&>&&, std::tuple<PlayerEntry*&>&&) (in /mnt/g/School/GoblinColosseum/server/server.x)
==31544==    by 0x113326: std::pair<std::_Rb_tree_iterator<std::pair<unsigned long const, PlayerEntry*> >, bool> std::map<unsigned long, PlayerEntry*, std::less<unsigned long>, std::allocator<std::pair<unsigned long const, PlayerEntry*> > >::insert_or_assign<PlayerEntry*&>(unsigned long const&, PlayerEntry*&) (in /mnt/g/School/GoblinColosseum/server/server.x)
==31544==    by 0x112244: Registry::setNewId(PlayerEntry*, int) (in /mnt/g/School/GoblinColosseum/server/server.x)
==31544==    by 0x111EF9: Registry::addPlayer() (in /mnt/g/School/GoblinColosseum/server/server.x)
==31544==    by 0x10C540: initializePlayer(ClientPacket, int) (server.cpp:181)
==31544==    by 0x10BE9B: main (server.cpp:83)
==31544== 
==31544== 240 bytes in 2 blocks are still reachable in loss record 4 of 7
==31544==    at 0x4846FA3: operator new(unsigned long) (in /usr/libexec/valgrind/vgpreload_memcheck-amd64-linux.so)
==31544==    by 0x111ECC: Registry::addPlayer() (in /mnt/g/School/GoblinColosseum/server/server.x)
==31544==    by 0x10C540: initializePlayer(ClientPacket, int) (server.cpp:181)
==31544==    by 0x10BE9B: main (server.cpp:83)
==31544== 
==31544== 1,024 bytes in 1 blocks are still reachable in loss record 5 of 7
==31544==    at 0x4846828: malloc (in /usr/libexec/valgrind/vgpreload_memcheck-amd64-linux.so)
==31544==    by 0x4B9F1B4: _IO_file_doallocate (filedoalloc.c:101)
==31544==    by 0x4BAF523: _IO_doallocbuf (genops.c:347)
==31544==    by 0x4BACF8F: _IO_file_overflow@@GLIBC_2.2.5 (fileops.c:745)
==31544==    by 0x4BADAAE: _IO_new_file_xsputn (fileops.c:1244)
==31544==    by 0x4BADAAE: _IO_file_xsputn@@GLIBC_2.2.5 (fileops.c:1197)
==31544==    by 0x4BA0A11: fwrite (iofwrite.c:39)
==31544==    by 0x49C4DC3: std::basic_ostream<char, std::char_traits<char> >& std::__ostream_insert<char, std::char_traits<char> >(std::basic_ostream<char, std::char_traits<char> >&, char const*, long) (in /usr/lib/x86_64-linux-gnu/libstdc++.so.6.0.33)
==31544==    by 0x49C513B: std::basic_ostream<char, std::char_traits<char> >& std::operator<< <std::char_traits<char> >(std::basic_ostream<char, std::char_traits<char> >&, char const*) (in /usr/lib/x86_64-linux-gnu/libstdc++.so.6.0.33)
==31544==    by 0x10BBA0: main (server.cpp:38)
==31544== 
==31544== 1,560 bytes in 1 blocks are still reachable in loss record 6 of 7
==31544==    at 0x484DB80: realloc (in /usr/libexec/valgrind/vgpreload_memcheck-amd64-linux.so)
==31544==    by 0x4C593B4: make_request (check_pf.c:220)
==31544==    by 0x4C593B4: __check_pf (check_pf.c:326)
==31544==    by 0x4C7597A: getaddrinfo (getaddrinfo.c:2435)
==31544==    by 0x10D725: bindAndListen(char const*) (server.cpp:414)
==31544==    by 0x10BB81: main (server.cpp:35)
==31544== 
==31544== 73,728 bytes in 1 blocks are still reachable in loss record 7 of 7
==31544==    at 0x4846828: malloc (in /usr/libexec/valgrind/vgpreload_memcheck-amd64-linux.so)
==31544==    by 0x492538E: ??? (in /usr/lib/x86_64-linux-gnu/libstdc++.so.6.0.33)
==31544==    by 0x400571E: call_init.part.0 (dl-init.c:74)
==31544==    by 0x4005823: call_init (dl-init.c:120)
==31544==    by 0x4005823: _dl_init (dl-init.c:121)
==31544==    by 0x401F59F: ??? (in /usr/lib/x86_64-linux-gnu/ld-linux-x86-64.so.2)
==31544== 
==31544== LEAK SUMMARY:
==31544==    definitely lost: 0 bytes in 0 blocks
==31544==    indirectly lost: 0 bytes in 0 blocks
==31544==      possibly lost: 0 bytes in 0 blocks
==31544==    still reachable: 76,718 bytes in 9 blocks
==31544==         suppressed: 0 bytes in 0 blocks
==31544== 
==31544== ERROR SUMMARY: 0 errors from 0 contexts (suppressed: 0 from 0)
