==1674== Memcheck, a memory error detector
==1674== Copyright (C) 2002-2022, and GNU GPL'd, by Julian Seward et al.
==1674== Using Valgrind-3.22.0-bd4db67b1d-20231031 and LibVEX; rerun with -h for copyright info
==1674== Command: ./server.x
==1674== Parent PID: 1653
==1674== 
--1674-- 
--1674-- Valgrind options:
--1674--    --leak-check=full
--1674--    --show-leak-kinds=all
--1674--    --track-origins=yes
--1674--    --verbose
--1674--    --log-file=logs/full-local2.log
--1674-- Contents of /proc/version:
--1674--   Linux version 6.6.87.2-microsoft-standard-WSL2 (root@439a258ad544) (gcc (GCC) 11.2.0, GNU ld (GNU Binutils) 2.37) #1 SMP PREEMPT_DYNAMIC Thu Jun  5 18:30:46 UTC 2025
--1674-- 
--1674-- Arch and hwcaps: AMD64, LittleEndian, amd64-cx16-lzcnt-rdtscp-sse3-ssse3-avx-avx2-bmi-f16c-rdrand-rdseed
--1674-- Page sizes: currently 4096, max supported 4096
--1674-- Valgrind library directory: /usr/libexec/valgrind
--1674-- Reading syms from /mnt/g/School/GoblinColosseum/server/server.x
--1674-- Reading syms from /usr/lib/x86_64-linux-gnu/ld-linux-x86-64.so.2
--1674--   Considering /usr/lib/debug/.build-id/52/0e05878220fb2fc6d28ff46b63b3fd5d48e763.debug ..
--1674--   .. build-id is valid
--1674-- Reading syms from /usr/libexec/valgrind/memcheck-amd64-linux
--1674--    object doesn't have a dynamic symbol table
--1674-- Scheduler: using generic scheduler lock implementation.
--1674-- Reading suppressions file: /usr/libexec/valgrind/default.supp
==1674== embedded gdbserver: reading from /tmp/vgdb-pipe-from-vgdb-to-1674-by-zato-on-???
==1674== embedded gdbserver: writing to   /tmp/vgdb-pipe-to-vgdb-from-1674-by-zato-on-???
==1674== embedded gdbserver: shared mem   /tmp/vgdb-pipe-shared-mem-vgdb-1674-by-zato-on-???
==1674== 
==1674== TO CONTROL THIS PROCESS USING vgdb (which you probably
==1674== don't want to do, unless you know exactly what you're doing,
==1674== or are doing some strange experiment):
==1674==   /usr/bin/vgdb --pid=1674 ...command...
==1674== 
==1674== TO DEBUG THIS PROCESS USING GDB: start GDB like this
==1674==   /path/to/gdb ./server.x
==1674== and then give GDB the following command
==1674==   target remote | /usr/bin/vgdb --pid=1674
==1674== --pid is optional if only one valgrind process is running
==1674== 
--1674-- REDIR: 0x4028b00 (ld-linux-x86-64.so.2:strlen) redirected to 0x580c2e1a (???)
--1674-- REDIR: 0x40272b0 (ld-linux-x86-64.so.2:index) redirected to 0x580c2e34 (???)
--1674-- Reading syms from /usr/libexec/valgrind/vgpreload_core-amd64-linux.so
--1674-- Reading syms from /usr/libexec/valgrind/vgpreload_memcheck-amd64-linux.so
==1674== WARNING: new redirection conflicts with existing -- ignoring it
--1674--     old: 0x04028b00 (strlen              ) R-> (0000.0) 0x580c2e1a ???
--1674--     new: 0x04028b00 (strlen              ) R-> (2007.0) 0x0484f340 strlen
--1674-- REDIR: 0x40274e0 (ld-linux-x86-64.so.2:strcmp) redirected to 0x4850460 (strcmp)
--1674-- REDIR: 0x4026910 (ld-linux-x86-64.so.2:mempcpy) redirected to 0x4853cd0 (mempcpy)
--1674-- Reading syms from /usr/lib/x86_64-linux-gnu/libstdc++.so.6.0.33
--1674-- Reading syms from /usr/lib/x86_64-linux-gnu/libm.so.6
--1674-- Reading syms from /usr/lib/x86_64-linux-gnu/libgcc_s.so.1
--1674-- Reading syms from /usr/lib/x86_64-linux-gnu/libc.so.6
--1674--   Considering /usr/lib/debug/.build-id/27/4eec488d230825a136fa9c4d85370fed7a0a5e.debug ..
--1674--   .. build-id is valid
--1674-- REDIR: 0x4028ca0 (ld-linux-x86-64.so.2:strncmp) redirected to 0x484fc90 (strncmp)
--1674-- REDIR: 0x4cb8050 (libc.so.6:strnlen) redirected to 0x483d1c0 (_vgnU_ifunc_wrapper)
--1674-- REDIR: 0x4cb80e0 (libc.so.6:strpbrk) redirected to 0x483d1c0 (_vgnU_ifunc_wrapper)
--1674-- REDIR: 0x4cb61a0 (libc.so.6:strcmp) redirected to 0x483d1c0 (_vgnU_ifunc_wrapper)
--1674-- REDIR: 0x4ccf3b0 (libc.so.6:wcsnlen) redirected to 0x483d1c0 (_vgnU_ifunc_wrapper)
--1674-- REDIR: 0x4cb5290 (libc.so.6:memset) redirected to 0x483d1c0 (_vgnU_ifunc_wrapper)
--1674-- REDIR: 0x4cceb20 (libc.so.6:wcslen) redirected to 0x483d1c0 (_vgnU_ifunc_wrapper)
--1674-- REDIR: 0x4d3a3f0 (libc.so.6:__memcpy_chk) redirected to 0x483d1c0 (_vgnU_ifunc_wrapper)
--1674-- REDIR: 0x4cb5200 (libc.so.6:memrchr) redirected to 0x483d1c0 (_vgnU_ifunc_wrapper)
--1674-- REDIR: 0x4ccf350 (libc.so.6:wcsncpy) redirected to 0x483d1c0 (_vgnU_ifunc_wrapper)
--1674-- REDIR: 0x4cb4720 (libc.so.6:memcpy@@GLIBC_2.14) redirected to 0x483d1c0 (_vgnU_ifunc_wrapper)
--1674-- REDIR: 0x4ccd8e0 (libc.so.6:wcschr) redirected to 0x483d1c0 (_vgnU_ifunc_wrapper)
--1674-- REDIR: 0x4cb6090 (libc.so.6:index) redirected to 0x483d1c0 (_vgnU_ifunc_wrapper)
--1674-- REDIR: 0x4cb8110 (libc.so.6:rindex) redirected to 0x483d1c0 (_vgnU_ifunc_wrapper)
--1674-- REDIR: 0x4ccd990 (libc.so.6:wcscmp) redirected to 0x483d1c0 (_vgnU_ifunc_wrapper)
--1674-- REDIR: 0x4cb54b0 (libc.so.6:stpncpy) redirected to 0x483d1c0 (_vgnU_ifunc_wrapper)
--1674-- REDIR: 0x4cdbeb0 (libc.so.6:wmemchr) redirected to 0x483d1c0 (_vgnU_ifunc_wrapper)
--1674-- REDIR: 0x4cb7ef0 (libc.so.6:strncmp) redirected to 0x483d1c0 (_vgnU_ifunc_wrapper)
--1674-- REDIR: 0x4cb5510 (libc.so.6:strcasecmp) redirected to 0x483d1c0 (_vgnU_ifunc_wrapper)
--1674-- REDIR: 0x4cb7310 (libc.so.6:strcspn) redirected to 0x483d1c0 (_vgnU_ifunc_wrapper)
--1674-- REDIR: 0x4cce8f0 (libc.so.6:wcscpy) redirected to 0x483d1c0 (_vgnU_ifunc_wrapper)
--1674-- REDIR: 0x4cb6020 (libc.so.6:strcat) redirected to 0x483d1c0 (_vgnU_ifunc_wrapper)
--1674-- REDIR: 0x4cb7df0 (libc.so.6:strncasecmp_l) redirected to 0x483d1c0 (_vgnU_ifunc_wrapper)
--1674-- REDIR: 0x4cb6110 (libc.so.6:strchrnul) redirected to 0x483d1c0 (_vgnU_ifunc_wrapper)
--1674-- REDIR: 0x4cb4630 (libc.so.6:bcmp) redirected to 0x483d1c0 (_vgnU_ifunc_wrapper)
--1674-- REDIR: 0x4cb72a0 (libc.so.6:strcpy) redirected to 0x483d1c0 (_vgnU_ifunc_wrapper)
--1674-- REDIR: 0x4cb55b0 (libc.so.6:strcasecmp_l) redirected to 0x483d1c0 (_vgnU_ifunc_wrapper)
--1674-- REDIR: 0x4cb7cc0 (libc.so.6:strlen) redirected to 0x483d1c0 (_vgnU_ifunc_wrapper)
--1674-- REDIR: 0x4cb7f90 (libc.so.6:strncpy) redirected to 0x483d1c0 (_vgnU_ifunc_wrapper)
--1674-- REDIR: 0x4cdbf30 (libc.so.6:wmemcmp) redirected to 0x483d1c0 (_vgnU_ifunc_wrapper)
--1674-- REDIR: 0x4d3a510 (libc.so.6:__memmove_chk) redirected to 0x483d1c0 (_vgnU_ifunc_wrapper)
==1674== WARNING: new redirection conflicts with existing -- ignoring it
--1674--     old: 0x04d8ba10 (__memcpy_chk_avx_una) R-> (2030.0) 0x04853dd0 __memcpy_chk
--1674--     new: 0x04d8ba10 (__memcpy_chk_avx_una) R-> (2024.0) 0x04853740 __memmove_chk
--1674-- REDIR: 0x4cb5440 (libc.so.6:stpcpy) redirected to 0x483d1c0 (_vgnU_ifunc_wrapper)
--1674-- REDIR: 0x4cb4fc0 (libc.so.6:memmove) redirected to 0x483d1c0 (_vgnU_ifunc_wrapper)
==1674== Preferring higher priority redirection:
--1674--     old: 0x04d8ba40 (__memcpy_avx_unalign) R-> (2018.0) 0x04851580 __memcpy_avx_unaligned_erms
--1674--     new: 0x04d8ba40 (__memcpy_avx_unalign) R-> (2018.1) 0x04852d60 memmove
--1674-- REDIR: 0x4cb45b0 (libc.so.6:memchr) redirected to 0x483d1c0 (_vgnU_ifunc_wrapper)
--1674-- REDIR: 0x4cb82e0 (libc.so.6:strspn) redirected to 0x483d1c0 (_vgnU_ifunc_wrapper)
--1674-- REDIR: 0x4cb50e0 (libc.so.6:mempcpy) redirected to 0x483d1c0 (_vgnU_ifunc_wrapper)
--1674-- REDIR: 0x4cb7d50 (libc.so.6:strncasecmp) redirected to 0x483d1c0 (_vgnU_ifunc_wrapper)
--1674-- REDIR: 0x4d90630 (libc.so.6:__strrchr_avx2) redirected to 0x484ed20 (rindex)
--1674-- REDIR: 0x4d8e780 (libc.so.6:__strlen_avx2) redirected to 0x484f220 (strlen)
--1674-- REDIR: 0x4d8b2e0 (libc.so.6:__memcmp_avx2_movbe) redirected to 0x4852480 (bcmp)
--1674-- REDIR: 0x4d8f860 (libc.so.6:__strncmp_avx2) redirected to 0x484fab0 (strncmp)
--1674-- REDIR: 0x4cb0650 (libc.so.6:malloc) redirected to 0x48467b0 (malloc)
--1674-- REDIR: 0x4d8ba40 (libc.so.6:__memcpy_avx_unaligned_erms) redirected to 0x4852d60 (memmove)
--1674-- REDIR: 0x4d8c440 (libc.so.6:__memset_avx2_unaligned_erms) redirected to 0x4852c50 (memset)
--1674-- REDIR: 0x4cb0d30 (libc.so.6:free) redirected to 0x4849820 (free)
--1674-- REDIR: 0x4d8ba00 (libc.so.6:__mempcpy_avx_unaligned_erms) redirected to 0x48538d0 (mempcpy)
--1674-- REDIR: 0x4d8dde0 (libc.so.6:__strchrnul_avx2) redirected to 0x48537b0 (strchrnul)
--1674-- REDIR: 0x4d8b040 (libc.so.6:__memchr_avx2) redirected to 0x48504e0 (memchr)
==1674== Warning: invalid file descriptor -1 in syscall close()
==1674==    at 0x4D19724: close (close.c:27)
==1674==    by 0x10F441: closeAllConnections() (server.cpp:575)
==1674==    by 0x10F533: handleSigint(int) (server.cpp:592)
==1674==    by 0x4C4832F: ??? (in /usr/lib/x86_64-linux-gnu/libc.so.6)
==1674==    by 0x4D2E831: accept (accept.c:26)
==1674==    by 0x10BE96: main (server.cpp:76)
--1674-- REDIR: 0x49298e0 (libstdc++.so.6:operator new(unsigned long)) redirected to 0x4846f30 (operator new(unsigned long))
--1674-- REDIR: 0x49278a0 (libstdc++.so.6:operator delete(void*)) redirected to 0x484a080 (operator delete(void*))
==1674== 
==1674== HEAP SUMMARY:
==1674==     in use at exit: 0 bytes in 0 blocks
==1674==   total heap usage: 5 allocs, 5 frees, 75,376 bytes allocated
==1674== 
==1674== All heap blocks were freed -- no leaks are possible
==1674== 
==1674== ERROR SUMMARY: 0 errors from 0 contexts (suppressed: 0 from 0)
