==7825== Memcheck, a memory error detector
==7825== Copyright (C) 2002-2022, and GNU GPL'd, by Julian Seward et al.
==7825== Using Valgrind-3.22.0-bd4db67b1d-20231031 and LibVEX; rerun with -h for copyright info
==7825== Command: ./build/GOBLIN
==7825== Parent PID: 7727
==7825== 
--7825-- 
--7825-- Valgrind options:
--7825--    --leak-check=full
--7825--    --show-leak-kinds=all
--7825--    --track-origins=yes
--7825--    --verbose
--7825--    --log-file=logs/2-local-clients.log
--7825-- Contents of /proc/version:
--7825--   Linux version 6.14.0-35-generic (buildd@lcy02-amd64-078) (x86_64-linux-gnu-gcc-13 (Ubuntu 13.3.0-6ubuntu2~24.04) 13.3.0, GNU ld (GNU Binutils for Ubuntu) 2.42) #35~24.04.1-Ubuntu SMP PREEMPT_DYNAMIC Tue Oct 14 13:55:17 UTC 2
--7825-- 
--7825-- Arch and hwcaps: AMD64, LittleEndian, amd64-cx16-lzcnt-rdtscp-sse3-ssse3-avx-avx2-bmi-f16c-rdrand-rdseed
--7825-- Page sizes: currently 4096, max supported 4096
--7825-- Valgrind library directory: /usr/libexec/valgrind
--7825-- Reading syms from /home/zato-1/school/GoblinColosseum/game/build/GOBLIN
--7825-- Reading syms from /usr/lib/x86_64-linux-gnu/ld-linux-x86-64.so.2
--7825--   Considering /usr/lib/debug/.build-id/52/0e05878220fb2fc6d28ff46b63b3fd5d48e763.debug ..
--7825--   .. build-id is valid
--7825-- Reading syms from /usr/libexec/valgrind/memcheck-amd64-linux
--7825--    object doesn't have a dynamic symbol table
--7825-- Scheduler: using generic scheduler lock implementation.
--7825-- Reading suppressions file: /usr/libexec/valgrind/default.supp
==7825== embedded gdbserver: reading from /tmp/vgdb-pipe-from-vgdb-to-7825-by-zato-1-on-???
==7825== embedded gdbserver: writing to   /tmp/vgdb-pipe-to-vgdb-from-7825-by-zato-1-on-???
==7825== embedded gdbserver: shared mem   /tmp/vgdb-pipe-shared-mem-vgdb-7825-by-zato-1-on-???
==7825== 
==7825== TO CONTROL THIS PROCESS USING vgdb (which you probably
==7825== don't want to do, unless you know exactly what you're doing,
==7825== or are doing some strange experiment):
==7825==   /usr/bin/vgdb --pid=7825 ...command...
==7825== 
==7825== TO DEBUG THIS PROCESS USING GDB: start GDB like this
==7825==   /path/to/gdb ./build/GOBLIN
==7825== and then give GDB the following command
==7825==   target remote | /usr/bin/vgdb --pid=7825
==7825== --pid is optional if only one valgrind process is running
==7825== 
--7825-- REDIR: 0x4028b00 (ld-linux-x86-64.so.2:strlen) redirected to 0x580c2e1a (???)
--7825-- REDIR: 0x40272b0 (ld-linux-x86-64.so.2:index) redirected to 0x580c2e34 (???)
--7825-- Reading syms from /usr/libexec/valgrind/vgpreload_core-amd64-linux.so
--7825-- Reading syms from /usr/libexec/valgrind/vgpreload_memcheck-amd64-linux.so
==7825== WARNING: new redirection conflicts with existing -- ignoring it
--7825--     old: 0x04028b00 (strlen              ) R-> (0000.0) 0x580c2e1a ???
--7825--     new: 0x04028b00 (strlen              ) R-> (2007.0) 0x0484f340 strlen
--7825-- REDIR: 0x40274e0 (ld-linux-x86-64.so.2:strcmp) redirected to 0x4850460 (strcmp)
--7825-- REDIR: 0x4026910 (ld-linux-x86-64.so.2:mempcpy) redirected to 0x4853cd0 (mempcpy)
--7825-- Reading syms from /home/zato-1/school/GoblinColosseum/game/build/libcharacters.so
--7825-- Reading syms from /home/zato-1/school/GoblinColosseum/game/build/librender.so
--7825-- Reading syms from /home/zato-1/school/GoblinColosseum/game/build/libnet.so
--7825-- Reading syms from /home/zato-1/school/GoblinColosseum/game/build/libSDL3.so.0.2.25
--7825-- Reading syms from /home/zato-1/school/GoblinColosseum/game/build/libengine.so
--7825-- Reading syms from /home/zato-1/school/GoblinColosseum/game/build/libbuttons.so
--7825-- Reading syms from /home/zato-1/school/GoblinColosseum/game/build/libutil.so
--7825-- Reading syms from /usr/lib/x86_64-linux-gnu/libstdc++.so.6.0.33
--7825-- Reading syms from /usr/lib/x86_64-linux-gnu/libgcc_s.so.1
--7825-- Reading syms from /usr/lib/x86_64-linux-gnu/libc.so.6
--7825--   Considering /usr/lib/debug/.build-id/27/4eec488d230825a136fa9c4d85370fed7a0a5e.debug ..
--7825--   .. build-id is valid
--7825-- Reading syms from /home/zato-1/school/GoblinColosseum/game/build/libSDL3_image.so.0.2.5
--7825-- Reading syms from /home/zato-1/school/GoblinColosseum/game/build/libSDL3_ttf.so.0.2.3
--7825-- Reading syms from /usr/lib/x86_64-linux-gnu/libm.so.6
--7825-- REDIR: 0x4028ca0 (ld-linux-x86-64.so.2:strncmp) redirected to 0x484fc90 (strncmp)
--7825-- REDIR: 0x504f050 (libc.so.6:strnlen) redirected to 0x483d1c0 (_vgnU_ifunc_wrapper)
--7825-- REDIR: 0x504f0e0 (libc.so.6:strpbrk) redirected to 0x483d1c0 (_vgnU_ifunc_wrapper)
--7825-- REDIR: 0x504d1a0 (libc.so.6:strcmp) redirected to 0x483d1c0 (_vgnU_ifunc_wrapper)
--7825-- REDIR: 0x50663b0 (libc.so.6:wcsnlen) redirected to 0x483d1c0 (_vgnU_ifunc_wrapper)
--7825-- REDIR: 0x504c290 (libc.so.6:memset) redirected to 0x483d1c0 (_vgnU_ifunc_wrapper)
--7825-- REDIR: 0x5065b20 (libc.so.6:wcslen) redirected to 0x483d1c0 (_vgnU_ifunc_wrapper)
--7825-- REDIR: 0x50d13f0 (libc.so.6:__memcpy_chk) redirected to 0x483d1c0 (_vgnU_ifunc_wrapper)
--7825-- REDIR: 0x504c200 (libc.so.6:memrchr) redirected to 0x483d1c0 (_vgnU_ifunc_wrapper)
--7825-- REDIR: 0x5066350 (libc.so.6:wcsncpy) redirected to 0x483d1c0 (_vgnU_ifunc_wrapper)
--7825-- REDIR: 0x504b720 (libc.so.6:memcpy@@GLIBC_2.14) redirected to 0x483d1c0 (_vgnU_ifunc_wrapper)
--7825-- REDIR: 0x50648e0 (libc.so.6:wcschr) redirected to 0x483d1c0 (_vgnU_ifunc_wrapper)
--7825-- REDIR: 0x504d090 (libc.so.6:index) redirected to 0x483d1c0 (_vgnU_ifunc_wrapper)
--7825-- REDIR: 0x504f110 (libc.so.6:rindex) redirected to 0x483d1c0 (_vgnU_ifunc_wrapper)
--7825-- REDIR: 0x5064990 (libc.so.6:wcscmp) redirected to 0x483d1c0 (_vgnU_ifunc_wrapper)
--7825-- REDIR: 0x504c4b0 (libc.so.6:stpncpy) redirected to 0x483d1c0 (_vgnU_ifunc_wrapper)
--7825-- REDIR: 0x5072eb0 (libc.so.6:wmemchr) redirected to 0x483d1c0 (_vgnU_ifunc_wrapper)
--7825-- REDIR: 0x504eef0 (libc.so.6:strncmp) redirected to 0x483d1c0 (_vgnU_ifunc_wrapper)
--7825-- REDIR: 0x504c510 (libc.so.6:strcasecmp) redirected to 0x483d1c0 (_vgnU_ifunc_wrapper)
--7825-- REDIR: 0x504e310 (libc.so.6:strcspn) redirected to 0x483d1c0 (_vgnU_ifunc_wrapper)
--7825-- REDIR: 0x50658f0 (libc.so.6:wcscpy) redirected to 0x483d1c0 (_vgnU_ifunc_wrapper)
--7825-- REDIR: 0x504d020 (libc.so.6:strcat) redirected to 0x483d1c0 (_vgnU_ifunc_wrapper)
--7825-- REDIR: 0x504edf0 (libc.so.6:strncasecmp_l) redirected to 0x483d1c0 (_vgnU_ifunc_wrapper)
--7825-- REDIR: 0x504d110 (libc.so.6:strchrnul) redirected to 0x483d1c0 (_vgnU_ifunc_wrapper)
--7825-- REDIR: 0x504b630 (libc.so.6:bcmp) redirected to 0x483d1c0 (_vgnU_ifunc_wrapper)
--7825-- REDIR: 0x504e2a0 (libc.so.6:strcpy) redirected to 0x483d1c0 (_vgnU_ifunc_wrapper)
--7825-- REDIR: 0x504c5b0 (libc.so.6:strcasecmp_l) redirected to 0x483d1c0 (_vgnU_ifunc_wrapper)
--7825-- REDIR: 0x504ecc0 (libc.so.6:strlen) redirected to 0x483d1c0 (_vgnU_ifunc_wrapper)
--7825-- REDIR: 0x504ef90 (libc.so.6:strncpy) redirected to 0x483d1c0 (_vgnU_ifunc_wrapper)
--7825-- REDIR: 0x5072f30 (libc.so.6:wmemcmp) redirected to 0x483d1c0 (_vgnU_ifunc_wrapper)
--7825-- REDIR: 0x50d1510 (libc.so.6:__memmove_chk) redirected to 0x483d1c0 (_vgnU_ifunc_wrapper)
==7825== WARNING: new redirection conflicts with existing -- ignoring it
--7825--     old: 0x05122a10 (__memcpy_chk_avx_una) R-> (2030.0) 0x04853dd0 __memcpy_chk
--7825--     new: 0x05122a10 (__memcpy_chk_avx_una) R-> (2024.0) 0x04853740 __memmove_chk
--7825-- REDIR: 0x504c440 (libc.so.6:stpcpy) redirected to 0x483d1c0 (_vgnU_ifunc_wrapper)
--7825-- REDIR: 0x504bfc0 (libc.so.6:memmove) redirected to 0x483d1c0 (_vgnU_ifunc_wrapper)
==7825== Preferring higher priority redirection:
--7825--     old: 0x05122a40 (__memcpy_avx_unalign) R-> (2018.0) 0x04851580 __memcpy_avx_unaligned_erms
--7825--     new: 0x05122a40 (__memcpy_avx_unalign) R-> (2018.1) 0x04852d60 memmove
--7825-- REDIR: 0x504b5b0 (libc.so.6:memchr) redirected to 0x483d1c0 (_vgnU_ifunc_wrapper)
--7825-- REDIR: 0x504f2e0 (libc.so.6:strspn) redirected to 0x483d1c0 (_vgnU_ifunc_wrapper)
--7825-- REDIR: 0x504c0e0 (libc.so.6:mempcpy) redirected to 0x483d1c0 (_vgnU_ifunc_wrapper)
--7825-- REDIR: 0x504ed50 (libc.so.6:strncasecmp) redirected to 0x483d1c0 (_vgnU_ifunc_wrapper)
--7825-- REDIR: 0x5127630 (libc.so.6:__strrchr_avx2) redirected to 0x484ed20 (rindex)
--7825-- REDIR: 0x5125780 (libc.so.6:__strlen_avx2) redirected to 0x484f220 (strlen)
--7825-- REDIR: 0x51222e0 (libc.so.6:__memcmp_avx2_movbe) redirected to 0x4852480 (bcmp)
--7825-- REDIR: 0x5126860 (libc.so.6:__strncmp_avx2) redirected to 0x484fab0 (strncmp)
--7825-- REDIR: 0x5047650 (libc.so.6:malloc) redirected to 0x48467b0 (malloc)
--7825-- REDIR: 0x5122a40 (libc.so.6:__memcpy_avx_unaligned_erms) redirected to 0x4852d60 (memmove)
--7825-- REDIR: 0x5122a00 (libc.so.6:__mempcpy_avx_unaligned_erms) redirected to 0x48538d0 (mempcpy)
--7825-- REDIR: 0x5124de0 (libc.so.6:__strchrnul_avx2) redirected to 0x48537b0 (strchrnul)
--7825-- REDIR: 0x5126ec0 (libc.so.6:__strncpy_avx2) redirected to 0x484f4f0 (strncpy)
--7825-- REDIR: 0x4da78e0 (libstdc++.so.6:operator new(unsigned long)) redirected to 0x4846f30 (operator new(unsigned long))
--7825-- REDIR: 0x4da58a0 (libstdc++.so.6:operator delete(void*)) redirected to 0x484a080 (operator delete(void*))
--7825-- REDIR: 0x50487a0 (libc.so.6:calloc) redirected to 0x484d8a0 (calloc)
--7825-- REDIR: 0x5047d30 (libc.so.6:free) redirected to 0x4849820 (free)
--7825-- REDIR: 0x5125530 (libc.so.6:__strcpy_avx2) redirected to 0x484f370 (strcpy)
--7825-- REDIR: 0x5122040 (libc.so.6:__memchr_avx2) redirected to 0x48504e0 (memchr)
--7825-- REDIR: 0x4da58b0 (libstdc++.so.6:operator delete(void*, unsigned long)) redirected to 0x484a530 (operator delete(void*, unsigned long))
==7825== 
==7825== HEAP SUMMARY:
==7825==     in use at exit: 0 bytes in 0 blocks
==7825==   total heap usage: 93 allocs, 93 frees, 87,661 bytes allocated
==7825== 
==7825== All heap blocks were freed -- no leaks are possible
==7825== 
==7825== ERROR SUMMARY: 0 errors from 0 contexts (suppressed: 0 from 0)
