==6054== Memcheck, a memory error detector
==6054== Copyright (C) 2002-2022, and GNU GPL'd, by Julian Seward et al.
==6054== Using Valgrind-3.22.0-bd4db67b1d-20231031 and LibVEX; rerun with -h for copyright info
==6054== Command: ./build/GOBLIN
==6054== Parent PID: 5926
==6054== 
--6054-- 
--6054-- Valgrind options:
--6054--    --leak-check=full
--6054--    --show-leak-kinds=all
--6054--    --track-origins=yes
--6054--    --verbose
--6054--    --log-file=logs/client-w-wsl-server.log
--6054-- Contents of /proc/version:
--6054--   Linux version 6.14.0-35-generic (buildd@lcy02-amd64-078) (x86_64-linux-gnu-gcc-13 (Ubuntu 13.3.0-6ubuntu2~24.04) 13.3.0, GNU ld (GNU Binutils for Ubuntu) 2.42) #35~24.04.1-Ubuntu SMP PREEMPT_DYNAMIC Tue Oct 14 13:55:17 UTC 2
--6054-- 
--6054-- Arch and hwcaps: AMD64, LittleEndian, amd64-cx16-lzcnt-rdtscp-sse3-ssse3-avx-avx2-bmi-f16c-rdrand-rdseed
--6054-- Page sizes: currently 4096, max supported 4096
--6054-- Valgrind library directory: /usr/libexec/valgrind
--6054-- Reading syms from /home/zato-1/school/GoblinColosseum/game/build/GOBLIN
--6054-- Reading syms from /usr/lib/x86_64-linux-gnu/ld-linux-x86-64.so.2
--6054--   Considering /usr/lib/debug/.build-id/52/0e05878220fb2fc6d28ff46b63b3fd5d48e763.debug ..
--6054--   .. build-id is valid
--6054-- Reading syms from /usr/libexec/valgrind/memcheck-amd64-linux
--6054--    object doesn't have a dynamic symbol table
--6054-- Scheduler: using generic scheduler lock implementation.
--6054-- Reading suppressions file: /usr/libexec/valgrind/default.supp
==6054== embedded gdbserver: reading from /tmp/vgdb-pipe-from-vgdb-to-6054-by-zato-1-on-???
==6054== embedded gdbserver: writing to   /tmp/vgdb-pipe-to-vgdb-from-6054-by-zato-1-on-???
==6054== embedded gdbserver: shared mem   /tmp/vgdb-pipe-shared-mem-vgdb-6054-by-zato-1-on-???
==6054== 
==6054== TO CONTROL THIS PROCESS USING vgdb (which you probably
==6054== don't want to do, unless you know exactly what you're doing,
==6054== or are doing some strange experiment):
==6054==   /usr/bin/vgdb --pid=6054 ...command...
==6054== 
==6054== TO DEBUG THIS PROCESS USING GDB: start GDB like this
==6054==   /path/to/gdb ./build/GOBLIN
==6054== and then give GDB the following command
==6054==   target remote | /usr/bin/vgdb --pid=6054
==6054== --pid is optional if only one valgrind process is running
==6054== 
--6054-- REDIR: 0x4028b00 (ld-linux-x86-64.so.2:strlen) redirected to 0x580c2e1a (???)
--6054-- REDIR: 0x40272b0 (ld-linux-x86-64.so.2:index) redirected to 0x580c2e34 (???)
--6054-- Reading syms from /usr/libexec/valgrind/vgpreload_core-amd64-linux.so
--6054-- Reading syms from /usr/libexec/valgrind/vgpreload_memcheck-amd64-linux.so
==6054== WARNING: new redirection conflicts with existing -- ignoring it
--6054--     old: 0x04028b00 (strlen              ) R-> (0000.0) 0x580c2e1a ???
--6054--     new: 0x04028b00 (strlen              ) R-> (2007.0) 0x0484f340 strlen
--6054-- REDIR: 0x40274e0 (ld-linux-x86-64.so.2:strcmp) redirected to 0x4850460 (strcmp)
--6054-- REDIR: 0x4026910 (ld-linux-x86-64.so.2:mempcpy) redirected to 0x4853cd0 (mempcpy)
--6054-- Reading syms from /home/zato-1/school/GoblinColosseum/game/build/libcharacters.so
--6054-- Reading syms from /home/zato-1/school/GoblinColosseum/game/build/librender.so
--6054-- Reading syms from /home/zato-1/school/GoblinColosseum/game/build/libnet.so
--6054-- Reading syms from /home/zato-1/school/GoblinColosseum/game/build/libSDL3.so.0.2.25
--6054-- Reading syms from /home/zato-1/school/GoblinColosseum/game/build/libengine.so
--6054-- Reading syms from /home/zato-1/school/GoblinColosseum/game/build/libbuttons.so
--6054-- Reading syms from /home/zato-1/school/GoblinColosseum/game/build/libutil.so
--6054-- Reading syms from /usr/lib/x86_64-linux-gnu/libstdc++.so.6.0.33
--6054-- Reading syms from /usr/lib/x86_64-linux-gnu/libgcc_s.so.1
--6054-- Reading syms from /usr/lib/x86_64-linux-gnu/libc.so.6
--6054--   Considering /usr/lib/debug/.build-id/27/4eec488d230825a136fa9c4d85370fed7a0a5e.debug ..
--6054--   .. build-id is valid
--6054-- Reading syms from /home/zato-1/school/GoblinColosseum/game/build/libSDL3_image.so.0.2.5
--6054-- Reading syms from /home/zato-1/school/GoblinColosseum/game/build/libSDL3_ttf.so.0.2.3
--6054-- Reading syms from /usr/lib/x86_64-linux-gnu/libm.so.6
--6054-- REDIR: 0x4028ca0 (ld-linux-x86-64.so.2:strncmp) redirected to 0x484fc90 (strncmp)
--6054-- REDIR: 0x504f050 (libc.so.6:strnlen) redirected to 0x483d1c0 (_vgnU_ifunc_wrapper)
--6054-- REDIR: 0x504f0e0 (libc.so.6:strpbrk) redirected to 0x483d1c0 (_vgnU_ifunc_wrapper)
--6054-- REDIR: 0x504d1a0 (libc.so.6:strcmp) redirected to 0x483d1c0 (_vgnU_ifunc_wrapper)
--6054-- REDIR: 0x50663b0 (libc.so.6:wcsnlen) redirected to 0x483d1c0 (_vgnU_ifunc_wrapper)
--6054-- REDIR: 0x504c290 (libc.so.6:memset) redirected to 0x483d1c0 (_vgnU_ifunc_wrapper)
--6054-- REDIR: 0x5065b20 (libc.so.6:wcslen) redirected to 0x483d1c0 (_vgnU_ifunc_wrapper)
--6054-- REDIR: 0x50d13f0 (libc.so.6:__memcpy_chk) redirected to 0x483d1c0 (_vgnU_ifunc_wrapper)
--6054-- REDIR: 0x504c200 (libc.so.6:memrchr) redirected to 0x483d1c0 (_vgnU_ifunc_wrapper)
--6054-- REDIR: 0x5066350 (libc.so.6:wcsncpy) redirected to 0x483d1c0 (_vgnU_ifunc_wrapper)
--6054-- REDIR: 0x504b720 (libc.so.6:memcpy@@GLIBC_2.14) redirected to 0x483d1c0 (_vgnU_ifunc_wrapper)
--6054-- REDIR: 0x50648e0 (libc.so.6:wcschr) redirected to 0x483d1c0 (_vgnU_ifunc_wrapper)
--6054-- REDIR: 0x504d090 (libc.so.6:index) redirected to 0x483d1c0 (_vgnU_ifunc_wrapper)
--6054-- REDIR: 0x504f110 (libc.so.6:rindex) redirected to 0x483d1c0 (_vgnU_ifunc_wrapper)
--6054-- REDIR: 0x5064990 (libc.so.6:wcscmp) redirected to 0x483d1c0 (_vgnU_ifunc_wrapper)
--6054-- REDIR: 0x504c4b0 (libc.so.6:stpncpy) redirected to 0x483d1c0 (_vgnU_ifunc_wrapper)
--6054-- REDIR: 0x5072eb0 (libc.so.6:wmemchr) redirected to 0x483d1c0 (_vgnU_ifunc_wrapper)
--6054-- REDIR: 0x504eef0 (libc.so.6:strncmp) redirected to 0x483d1c0 (_vgnU_ifunc_wrapper)
--6054-- REDIR: 0x504c510 (libc.so.6:strcasecmp) redirected to 0x483d1c0 (_vgnU_ifunc_wrapper)
--6054-- REDIR: 0x504e310 (libc.so.6:strcspn) redirected to 0x483d1c0 (_vgnU_ifunc_wrapper)
--6054-- REDIR: 0x50658f0 (libc.so.6:wcscpy) redirected to 0x483d1c0 (_vgnU_ifunc_wrapper)
--6054-- REDIR: 0x504d020 (libc.so.6:strcat) redirected to 0x483d1c0 (_vgnU_ifunc_wrapper)
--6054-- REDIR: 0x504edf0 (libc.so.6:strncasecmp_l) redirected to 0x483d1c0 (_vgnU_ifunc_wrapper)
--6054-- REDIR: 0x504d110 (libc.so.6:strchrnul) redirected to 0x483d1c0 (_vgnU_ifunc_wrapper)
--6054-- REDIR: 0x504b630 (libc.so.6:bcmp) redirected to 0x483d1c0 (_vgnU_ifunc_wrapper)
--6054-- REDIR: 0x504e2a0 (libc.so.6:strcpy) redirected to 0x483d1c0 (_vgnU_ifunc_wrapper)
--6054-- REDIR: 0x504c5b0 (libc.so.6:strcasecmp_l) redirected to 0x483d1c0 (_vgnU_ifunc_wrapper)
--6054-- REDIR: 0x504ecc0 (libc.so.6:strlen) redirected to 0x483d1c0 (_vgnU_ifunc_wrapper)
--6054-- REDIR: 0x504ef90 (libc.so.6:strncpy) redirected to 0x483d1c0 (_vgnU_ifunc_wrapper)
--6054-- REDIR: 0x5072f30 (libc.so.6:wmemcmp) redirected to 0x483d1c0 (_vgnU_ifunc_wrapper)
--6054-- REDIR: 0x50d1510 (libc.so.6:__memmove_chk) redirected to 0x483d1c0 (_vgnU_ifunc_wrapper)
==6054== WARNING: new redirection conflicts with existing -- ignoring it
--6054--     old: 0x05122a10 (__memcpy_chk_avx_una) R-> (2030.0) 0x04853dd0 __memcpy_chk
--6054--     new: 0x05122a10 (__memcpy_chk_avx_una) R-> (2024.0) 0x04853740 __memmove_chk
--6054-- REDIR: 0x504c440 (libc.so.6:stpcpy) redirected to 0x483d1c0 (_vgnU_ifunc_wrapper)
--6054-- REDIR: 0x504bfc0 (libc.so.6:memmove) redirected to 0x483d1c0 (_vgnU_ifunc_wrapper)
==6054== Preferring higher priority redirection:
--6054--     old: 0x05122a40 (__memcpy_avx_unalign) R-> (2018.0) 0x04851580 __memcpy_avx_unaligned_erms
--6054--     new: 0x05122a40 (__memcpy_avx_unalign) R-> (2018.1) 0x04852d60 memmove
--6054-- REDIR: 0x504b5b0 (libc.so.6:memchr) redirected to 0x483d1c0 (_vgnU_ifunc_wrapper)
--6054-- REDIR: 0x504f2e0 (libc.so.6:strspn) redirected to 0x483d1c0 (_vgnU_ifunc_wrapper)
--6054-- REDIR: 0x504c0e0 (libc.so.6:mempcpy) redirected to 0x483d1c0 (_vgnU_ifunc_wrapper)
--6054-- REDIR: 0x504ed50 (libc.so.6:strncasecmp) redirected to 0x483d1c0 (_vgnU_ifunc_wrapper)
--6054-- REDIR: 0x5127630 (libc.so.6:__strrchr_avx2) redirected to 0x484ed20 (rindex)
--6054-- REDIR: 0x5125780 (libc.so.6:__strlen_avx2) redirected to 0x484f220 (strlen)
--6054-- REDIR: 0x51222e0 (libc.so.6:__memcmp_avx2_movbe) redirected to 0x4852480 (bcmp)
--6054-- REDIR: 0x5126860 (libc.so.6:__strncmp_avx2) redirected to 0x484fab0 (strncmp)
--6054-- REDIR: 0x5047650 (libc.so.6:malloc) redirected to 0x48467b0 (malloc)
--6054-- REDIR: 0x5122a40 (libc.so.6:__memcpy_avx_unaligned_erms) redirected to 0x4852d60 (memmove)
--6054-- REDIR: 0x5122a00 (libc.so.6:__mempcpy_avx_unaligned_erms) redirected to 0x48538d0 (mempcpy)
--6054-- REDIR: 0x5047d30 (libc.so.6:free) redirected to 0x4849820 (free)
==6054== 
==6054== HEAP SUMMARY:
==6054==     in use at exit: 0 bytes in 0 blocks
==6054==   total heap usage: 3 allocs, 3 frees, 75,776 bytes allocated
==6054== 
==6054== All heap blocks were freed -- no leaks are possible
==6054== 
==6054== ERROR SUMMARY: 0 errors from 0 contexts (suppressed: 0 from 0)
