==19527== Memcheck, a memory error detector
==19527== Copyright (C) 2002-2022, and GNU GPL'd, by Julian Seward et al.
==19527== Using Valgrind-3.22.0-bd4db67b1d-20231031 and LibVEX; rerun with -h for copyright info
==19527== Command: ./lin-build/GOBLIN
==19527== Parent PID: 14
==19527== 
--19527-- 
--19527-- Valgrind options:
--19527--    --leak-check=full
--19527--    --show-leak-kinds=all
--19527--    --track-origins=yes
--19527--    --verbose
--19527--    --log-file=logs/p2p-init.log
--19527-- Contents of /proc/version:
--19527--   Linux version 6.6.87.2-microsoft-standard-WSL2 (root@439a258ad544) (gcc (GCC) 11.2.0, GNU ld (GNU Binutils) 2.37) #1 SMP PREEMPT_DYNAMIC Thu Jun  5 18:30:46 UTC 2025
--19527-- 
--19527-- Arch and hwcaps: AMD64, LittleEndian, amd64-cx16-lzcnt-rdtscp-sse3-ssse3-avx-avx2-bmi-f16c-rdrand-rdseed
--19527-- Page sizes: currently 4096, max supported 4096
--19527-- Valgrind library directory: /usr/libexec/valgrind
--19527-- Reading syms from /mnt/g/School/GoblinColosseum/game/lin-build/GOBLIN
--19527-- Reading syms from /usr/lib/x86_64-linux-gnu/ld-linux-x86-64.so.2
--19527--   Considering /usr/lib/debug/.build-id/52/0e05878220fb2fc6d28ff46b63b3fd5d48e763.debug ..
--19527--   .. build-id is valid
--19527-- Reading syms from /usr/libexec/valgrind/memcheck-amd64-linux
--19527--    object doesn't have a dynamic symbol table
--19527-- Scheduler: using generic scheduler lock implementation.
--19527-- Reading suppressions file: /usr/libexec/valgrind/default.supp
==19527== embedded gdbserver: reading from /tmp/vgdb-pipe-from-vgdb-to-19527-by-zato-on-???
==19527== embedded gdbserver: writing to   /tmp/vgdb-pipe-to-vgdb-from-19527-by-zato-on-???
==19527== embedded gdbserver: shared mem   /tmp/vgdb-pipe-shared-mem-vgdb-19527-by-zato-on-???
==19527== 
==19527== TO CONTROL THIS PROCESS USING vgdb (which you probably
==19527== don't want to do, unless you know exactly what you're doing,
==19527== or are doing some strange experiment):
==19527==   /usr/bin/vgdb --pid=19527 ...command...
==19527== 
==19527== TO DEBUG THIS PROCESS USING GDB: start GDB like this
==19527==   /path/to/gdb ./lin-build/GOBLIN
==19527== and then give GDB the following command
==19527==   target remote | /usr/bin/vgdb --pid=19527
==19527== --pid is optional if only one valgrind process is running
==19527== 
--19527-- REDIR: 0x4028b00 (ld-linux-x86-64.so.2:strlen) redirected to 0x580c2e1a (???)
--19527-- REDIR: 0x40272b0 (ld-linux-x86-64.so.2:index) redirected to 0x580c2e34 (???)
--19527-- Reading syms from /usr/libexec/valgrind/vgpreload_core-amd64-linux.so
--19527-- Reading syms from /usr/libexec/valgrind/vgpreload_memcheck-amd64-linux.so
==19527== WARNING: new redirection conflicts with existing -- ignoring it
--19527--     old: 0x04028b00 (strlen              ) R-> (0000.0) 0x580c2e1a ???
--19527--     new: 0x04028b00 (strlen              ) R-> (2007.0) 0x0484f340 strlen
--19527-- REDIR: 0x40274e0 (ld-linux-x86-64.so.2:strcmp) redirected to 0x4850460 (strcmp)
--19527-- REDIR: 0x4026910 (ld-linux-x86-64.so.2:mempcpy) redirected to 0x4853cd0 (mempcpy)
--19527-- Reading syms from /mnt/g/School/GoblinColosseum/game/lin-build/libcharacters.so
--19527-- Reading syms from /mnt/g/School/GoblinColosseum/game/lin-build/librender.so
--19527-- Reading syms from /mnt/g/School/GoblinColosseum/game/lin-build/libnet.so
--19527-- Reading syms from /mnt/g/School/GoblinColosseum/game/lin-build/libSDL3.so.0.2.25
--19527-- Reading syms from /mnt/g/School/GoblinColosseum/game/lin-build/libengine.so
--19527-- Reading syms from /mnt/g/School/GoblinColosseum/game/lin-build/libbuttons.so
--19527-- Reading syms from /mnt/g/School/GoblinColosseum/game/lin-build/libutil.so
--19527-- Reading syms from /usr/lib/x86_64-linux-gnu/libstdc++.so.6.0.33
--19527-- Reading syms from /usr/lib/x86_64-linux-gnu/libgcc_s.so.1
--19527-- Reading syms from /usr/lib/x86_64-linux-gnu/libc.so.6
--19527--   Considering /usr/lib/debug/.build-id/27/4eec488d230825a136fa9c4d85370fed7a0a5e.debug ..
--19527--   .. build-id is valid
--19527-- Reading syms from /mnt/g/School/GoblinColosseum/game/lin-build/libSDL3_image.so.0.2.5
--19527-- Reading syms from /mnt/g/School/GoblinColosseum/game/lin-build/libSDL3_ttf.so.0.2.3
--19527-- Reading syms from /usr/lib/x86_64-linux-gnu/libm.so.6
--19527-- REDIR: 0x4028ca0 (ld-linux-x86-64.so.2:strncmp) redirected to 0x484fc90 (strncmp)
--19527-- REDIR: 0x503a050 (libc.so.6:strnlen) redirected to 0x483d1c0 (_vgnU_ifunc_wrapper)
--19527-- REDIR: 0x503a0e0 (libc.so.6:strpbrk) redirected to 0x483d1c0 (_vgnU_ifunc_wrapper)
--19527-- REDIR: 0x50381a0 (libc.so.6:strcmp) redirected to 0x483d1c0 (_vgnU_ifunc_wrapper)
--19527-- REDIR: 0x50513b0 (libc.so.6:wcsnlen) redirected to 0x483d1c0 (_vgnU_ifunc_wrapper)
--19527-- REDIR: 0x5037290 (libc.so.6:memset) redirected to 0x483d1c0 (_vgnU_ifunc_wrapper)
--19527-- REDIR: 0x5050b20 (libc.so.6:wcslen) redirected to 0x483d1c0 (_vgnU_ifunc_wrapper)
--19527-- REDIR: 0x50bc3f0 (libc.so.6:__memcpy_chk) redirected to 0x483d1c0 (_vgnU_ifunc_wrapper)
--19527-- REDIR: 0x5037200 (libc.so.6:memrchr) redirected to 0x483d1c0 (_vgnU_ifunc_wrapper)
--19527-- REDIR: 0x5051350 (libc.so.6:wcsncpy) redirected to 0x483d1c0 (_vgnU_ifunc_wrapper)
--19527-- REDIR: 0x5036720 (libc.so.6:memcpy@@GLIBC_2.14) redirected to 0x483d1c0 (_vgnU_ifunc_wrapper)
--19527-- REDIR: 0x504f8e0 (libc.so.6:wcschr) redirected to 0x483d1c0 (_vgnU_ifunc_wrapper)
--19527-- REDIR: 0x5038090 (libc.so.6:index) redirected to 0x483d1c0 (_vgnU_ifunc_wrapper)
--19527-- REDIR: 0x503a110 (libc.so.6:rindex) redirected to 0x483d1c0 (_vgnU_ifunc_wrapper)
--19527-- REDIR: 0x504f990 (libc.so.6:wcscmp) redirected to 0x483d1c0 (_vgnU_ifunc_wrapper)
--19527-- REDIR: 0x50374b0 (libc.so.6:stpncpy) redirected to 0x483d1c0 (_vgnU_ifunc_wrapper)
--19527-- REDIR: 0x505deb0 (libc.so.6:wmemchr) redirected to 0x483d1c0 (_vgnU_ifunc_wrapper)
--19527-- REDIR: 0x5039ef0 (libc.so.6:strncmp) redirected to 0x483d1c0 (_vgnU_ifunc_wrapper)
--19527-- REDIR: 0x5037510 (libc.so.6:strcasecmp) redirected to 0x483d1c0 (_vgnU_ifunc_wrapper)
--19527-- REDIR: 0x5039310 (libc.so.6:strcspn) redirected to 0x483d1c0 (_vgnU_ifunc_wrapper)
--19527-- REDIR: 0x50508f0 (libc.so.6:wcscpy) redirected to 0x483d1c0 (_vgnU_ifunc_wrapper)
--19527-- REDIR: 0x5038020 (libc.so.6:strcat) redirected to 0x483d1c0 (_vgnU_ifunc_wrapper)
--19527-- REDIR: 0x5039df0 (libc.so.6:strncasecmp_l) redirected to 0x483d1c0 (_vgnU_ifunc_wrapper)
--19527-- REDIR: 0x5038110 (libc.so.6:strchrnul) redirected to 0x483d1c0 (_vgnU_ifunc_wrapper)
--19527-- REDIR: 0x5036630 (libc.so.6:bcmp) redirected to 0x483d1c0 (_vgnU_ifunc_wrapper)
--19527-- REDIR: 0x50392a0 (libc.so.6:strcpy) redirected to 0x483d1c0 (_vgnU_ifunc_wrapper)
--19527-- REDIR: 0x50375b0 (libc.so.6:strcasecmp_l) redirected to 0x483d1c0 (_vgnU_ifunc_wrapper)
--19527-- REDIR: 0x5039cc0 (libc.so.6:strlen) redirected to 0x483d1c0 (_vgnU_ifunc_wrapper)
--19527-- REDIR: 0x5039f90 (libc.so.6:strncpy) redirected to 0x483d1c0 (_vgnU_ifunc_wrapper)
--19527-- REDIR: 0x505df30 (libc.so.6:wmemcmp) redirected to 0x483d1c0 (_vgnU_ifunc_wrapper)
--19527-- REDIR: 0x50bc510 (libc.so.6:__memmove_chk) redirected to 0x483d1c0 (_vgnU_ifunc_wrapper)
==19527== WARNING: new redirection conflicts with existing -- ignoring it
--19527--     old: 0x0510da10 (__memcpy_chk_avx_una) R-> (2030.0) 0x04853dd0 __memcpy_chk
--19527--     new: 0x0510da10 (__memcpy_chk_avx_una) R-> (2024.0) 0x04853740 __memmove_chk
--19527-- REDIR: 0x5037440 (libc.so.6:stpcpy) redirected to 0x483d1c0 (_vgnU_ifunc_wrapper)
--19527-- REDIR: 0x5036fc0 (libc.so.6:memmove) redirected to 0x483d1c0 (_vgnU_ifunc_wrapper)
==19527== Preferring higher priority redirection:
--19527--     old: 0x0510da40 (__memcpy_avx_unalign) R-> (2018.0) 0x04851580 __memcpy_avx_unaligned_erms
--19527--     new: 0x0510da40 (__memcpy_avx_unalign) R-> (2018.1) 0x04852d60 memmove
--19527-- REDIR: 0x50365b0 (libc.so.6:memchr) redirected to 0x483d1c0 (_vgnU_ifunc_wrapper)
--19527-- REDIR: 0x503a2e0 (libc.so.6:strspn) redirected to 0x483d1c0 (_vgnU_ifunc_wrapper)
--19527-- REDIR: 0x50370e0 (libc.so.6:mempcpy) redirected to 0x483d1c0 (_vgnU_ifunc_wrapper)
--19527-- REDIR: 0x5039d50 (libc.so.6:strncasecmp) redirected to 0x483d1c0 (_vgnU_ifunc_wrapper)
--19527-- REDIR: 0x5112630 (libc.so.6:__strrchr_avx2) redirected to 0x484ed20 (rindex)
--19527-- REDIR: 0x5110780 (libc.so.6:__strlen_avx2) redirected to 0x484f220 (strlen)
--19527-- REDIR: 0x510d2e0 (libc.so.6:__memcmp_avx2_movbe) redirected to 0x4852480 (bcmp)
--19527-- REDIR: 0x5111860 (libc.so.6:__strncmp_avx2) redirected to 0x484fab0 (strncmp)
--19527-- REDIR: 0x5032650 (libc.so.6:malloc) redirected to 0x48467b0 (malloc)
--19527-- REDIR: 0x510da40 (libc.so.6:__memcpy_avx_unaligned_erms) redirected to 0x4852d60 (memmove)
--19527-- REDIR: 0x510da00 (libc.so.6:__mempcpy_avx_unaligned_erms) redirected to 0x48538d0 (mempcpy)
--19527-- REDIR: 0x5111ec0 (libc.so.6:__strncpy_avx2) redirected to 0x484f4f0 (strncpy)
--19527-- REDIR: 0x4d928e0 (libstdc++.so.6:operator new(unsigned long)) redirected to 0x4846f30 (operator new(unsigned long))
--19527-- REDIR: 0x4d908a0 (libstdc++.so.6:operator delete(void*)) redirected to 0x484a080 (operator delete(void*))
--19527-- REDIR: 0x50337a0 (libc.so.6:calloc) redirected to 0x484d8a0 (calloc)
--19527-- REDIR: 0x5032d30 (libc.so.6:free) redirected to 0x4849820 (free)
--19527-- REDIR: 0x510fde0 (libc.so.6:__strchrnul_avx2) redirected to 0x48537b0 (strchrnul)
--19527-- REDIR: 0x5110530 (libc.so.6:__strcpy_avx2) redirected to 0x484f370 (strcpy)
--19527-- REDIR: 0x510d040 (libc.so.6:__memchr_avx2) redirected to 0x48504e0 (memchr)
--19527-- REDIR: 0x4d908b0 (libstdc++.so.6:operator delete(void*, unsigned long)) redirected to 0x484a530 (operator delete(void*, unsigned long))
==19527== 
==19527== HEAP SUMMARY:
==19527==     in use at exit: 0 bytes in 0 blocks
==19527==   total heap usage: 29 allocs, 29 frees, 80,539 bytes allocated
==19527== 
==19527== All heap blocks were freed -- no leaks are possible
==19527== 
==19527== ERROR SUMMARY: 0 errors from 0 contexts (suppressed: 0 from 0)
