==12757== Memcheck, a memory error detector
==12757== Copyright (C) 2002-2022, and GNU GPL'd, by Julian Seward et al.
==12757== Using Valgrind-3.22.0-bd4db67b1d-20231031 and LibVEX; rerun with -h for copyright info
==12757== Command: ./lin-build/GOBLIN
==12757== Parent PID: 14
==12757== 
--12757-- 
--12757-- Valgrind options:
--12757--    --leak-check=full
--12757--    --show-leak-kinds=all
--12757--    --track-origins=yes
--12757--    --verbose
--12757--    --log-file=logs/unix-tcache-free2.log
--12757-- Contents of /proc/version:
--12757--   Linux version 6.6.87.2-microsoft-standard-WSL2 (root@439a258ad544) (gcc (GCC) 11.2.0, GNU ld (GNU Binutils) 2.37) #1 SMP PREEMPT_DYNAMIC Thu Jun  5 18:30:46 UTC 2025
--12757-- 
--12757-- Arch and hwcaps: AMD64, LittleEndian, amd64-cx16-lzcnt-rdtscp-sse3-ssse3-avx-avx2-bmi-f16c-rdrand-rdseed
--12757-- Page sizes: currently 4096, max supported 4096
--12757-- Valgrind library directory: /usr/libexec/valgrind
--12757-- Reading syms from /mnt/g/School/GoblinColosseum/game/lin-build/GOBLIN
--12757-- Reading syms from /usr/lib/x86_64-linux-gnu/ld-linux-x86-64.so.2
--12757--   Considering /usr/lib/debug/.build-id/52/0e05878220fb2fc6d28ff46b63b3fd5d48e763.debug ..
--12757--   .. build-id is valid
--12757-- Reading syms from /usr/libexec/valgrind/memcheck-amd64-linux
--12757--    object doesn't have a dynamic symbol table
--12757-- Scheduler: using generic scheduler lock implementation.
--12757-- Reading suppressions file: /usr/libexec/valgrind/default.supp
==12757== embedded gdbserver: reading from /tmp/vgdb-pipe-from-vgdb-to-12757-by-zato-on-???
==12757== embedded gdbserver: writing to   /tmp/vgdb-pipe-to-vgdb-from-12757-by-zato-on-???
==12757== embedded gdbserver: shared mem   /tmp/vgdb-pipe-shared-mem-vgdb-12757-by-zato-on-???
==12757== 
==12757== TO CONTROL THIS PROCESS USING vgdb (which you probably
==12757== don't want to do, unless you know exactly what you're doing,
==12757== or are doing some strange experiment):
==12757==   /usr/bin/vgdb --pid=12757 ...command...
==12757== 
==12757== TO DEBUG THIS PROCESS USING GDB: start GDB like this
==12757==   /path/to/gdb ./lin-build/GOBLIN
==12757== and then give GDB the following command
==12757==   target remote | /usr/bin/vgdb --pid=12757
==12757== --pid is optional if only one valgrind process is running
==12757== 
--12757-- REDIR: 0x4028b00 (ld-linux-x86-64.so.2:strlen) redirected to 0x580c2e1a (???)
--12757-- REDIR: 0x40272b0 (ld-linux-x86-64.so.2:index) redirected to 0x580c2e34 (???)
--12757-- Reading syms from /usr/libexec/valgrind/vgpreload_core-amd64-linux.so
--12757-- Reading syms from /usr/libexec/valgrind/vgpreload_memcheck-amd64-linux.so
==12757== WARNING: new redirection conflicts with existing -- ignoring it
--12757--     old: 0x04028b00 (strlen              ) R-> (0000.0) 0x580c2e1a ???
--12757--     new: 0x04028b00 (strlen              ) R-> (2007.0) 0x0484f340 strlen
--12757-- REDIR: 0x40274e0 (ld-linux-x86-64.so.2:strcmp) redirected to 0x4850460 (strcmp)
--12757-- REDIR: 0x4026910 (ld-linux-x86-64.so.2:mempcpy) redirected to 0x4853cd0 (mempcpy)
--12757-- Reading syms from /mnt/g/School/GoblinColosseum/game/lin-build/libcharacters.so
--12757-- Reading syms from /mnt/g/School/GoblinColosseum/game/lin-build/librender.so
--12757-- Reading syms from /mnt/g/School/GoblinColosseum/game/lin-build/libnet.so
--12757-- Reading syms from /mnt/g/School/GoblinColosseum/game/lin-build/libSDL3.so.0.2.25
--12757-- Reading syms from /mnt/g/School/GoblinColosseum/game/lin-build/libengine.so
--12757-- Reading syms from /mnt/g/School/GoblinColosseum/game/lin-build/libbuttons.so
--12757-- Reading syms from /mnt/g/School/GoblinColosseum/game/lin-build/libutil.so
--12757-- Reading syms from /usr/lib/x86_64-linux-gnu/libstdc++.so.6.0.33
--12757-- Reading syms from /usr/lib/x86_64-linux-gnu/libgcc_s.so.1
--12757-- Reading syms from /usr/lib/x86_64-linux-gnu/libc.so.6
--12757--   Considering /usr/lib/debug/.build-id/27/4eec488d230825a136fa9c4d85370fed7a0a5e.debug ..
--12757--   .. build-id is valid
--12757-- Reading syms from /mnt/g/School/GoblinColosseum/game/lin-build/libSDL3_image.so.0.2.5
--12757-- Reading syms from /mnt/g/School/GoblinColosseum/game/lin-build/libSDL3_ttf.so.0.2.3
--12757-- Reading syms from /usr/lib/x86_64-linux-gnu/libm.so.6
--12757-- REDIR: 0x4028ca0 (ld-linux-x86-64.so.2:strncmp) redirected to 0x484fc90 (strncmp)
--12757-- REDIR: 0x5039050 (libc.so.6:strnlen) redirected to 0x483d1c0 (_vgnU_ifunc_wrapper)
--12757-- REDIR: 0x50390e0 (libc.so.6:strpbrk) redirected to 0x483d1c0 (_vgnU_ifunc_wrapper)
--12757-- REDIR: 0x50371a0 (libc.so.6:strcmp) redirected to 0x483d1c0 (_vgnU_ifunc_wrapper)
--12757-- REDIR: 0x50503b0 (libc.so.6:wcsnlen) redirected to 0x483d1c0 (_vgnU_ifunc_wrapper)
--12757-- REDIR: 0x5036290 (libc.so.6:memset) redirected to 0x483d1c0 (_vgnU_ifunc_wrapper)
--12757-- REDIR: 0x504fb20 (libc.so.6:wcslen) redirected to 0x483d1c0 (_vgnU_ifunc_wrapper)
--12757-- REDIR: 0x50bb3f0 (libc.so.6:__memcpy_chk) redirected to 0x483d1c0 (_vgnU_ifunc_wrapper)
--12757-- REDIR: 0x5036200 (libc.so.6:memrchr) redirected to 0x483d1c0 (_vgnU_ifunc_wrapper)
--12757-- REDIR: 0x5050350 (libc.so.6:wcsncpy) redirected to 0x483d1c0 (_vgnU_ifunc_wrapper)
--12757-- REDIR: 0x5035720 (libc.so.6:memcpy@@GLIBC_2.14) redirected to 0x483d1c0 (_vgnU_ifunc_wrapper)
--12757-- REDIR: 0x504e8e0 (libc.so.6:wcschr) redirected to 0x483d1c0 (_vgnU_ifunc_wrapper)
--12757-- REDIR: 0x5037090 (libc.so.6:index) redirected to 0x483d1c0 (_vgnU_ifunc_wrapper)
--12757-- REDIR: 0x5039110 (libc.so.6:rindex) redirected to 0x483d1c0 (_vgnU_ifunc_wrapper)
--12757-- REDIR: 0x504e990 (libc.so.6:wcscmp) redirected to 0x483d1c0 (_vgnU_ifunc_wrapper)
--12757-- REDIR: 0x50364b0 (libc.so.6:stpncpy) redirected to 0x483d1c0 (_vgnU_ifunc_wrapper)
--12757-- REDIR: 0x505ceb0 (libc.so.6:wmemchr) redirected to 0x483d1c0 (_vgnU_ifunc_wrapper)
--12757-- REDIR: 0x5038ef0 (libc.so.6:strncmp) redirected to 0x483d1c0 (_vgnU_ifunc_wrapper)
--12757-- REDIR: 0x5036510 (libc.so.6:strcasecmp) redirected to 0x483d1c0 (_vgnU_ifunc_wrapper)
--12757-- REDIR: 0x5038310 (libc.so.6:strcspn) redirected to 0x483d1c0 (_vgnU_ifunc_wrapper)
--12757-- REDIR: 0x504f8f0 (libc.so.6:wcscpy) redirected to 0x483d1c0 (_vgnU_ifunc_wrapper)
--12757-- REDIR: 0x5037020 (libc.so.6:strcat) redirected to 0x483d1c0 (_vgnU_ifunc_wrapper)
--12757-- REDIR: 0x5038df0 (libc.so.6:strncasecmp_l) redirected to 0x483d1c0 (_vgnU_ifunc_wrapper)
--12757-- REDIR: 0x5037110 (libc.so.6:strchrnul) redirected to 0x483d1c0 (_vgnU_ifunc_wrapper)
--12757-- REDIR: 0x5035630 (libc.so.6:bcmp) redirected to 0x483d1c0 (_vgnU_ifunc_wrapper)
--12757-- REDIR: 0x50382a0 (libc.so.6:strcpy) redirected to 0x483d1c0 (_vgnU_ifunc_wrapper)
--12757-- REDIR: 0x50365b0 (libc.so.6:strcasecmp_l) redirected to 0x483d1c0 (_vgnU_ifunc_wrapper)
--12757-- REDIR: 0x5038cc0 (libc.so.6:strlen) redirected to 0x483d1c0 (_vgnU_ifunc_wrapper)
--12757-- REDIR: 0x5038f90 (libc.so.6:strncpy) redirected to 0x483d1c0 (_vgnU_ifunc_wrapper)
--12757-- REDIR: 0x505cf30 (libc.so.6:wmemcmp) redirected to 0x483d1c0 (_vgnU_ifunc_wrapper)
--12757-- REDIR: 0x50bb510 (libc.so.6:__memmove_chk) redirected to 0x483d1c0 (_vgnU_ifunc_wrapper)
==12757== WARNING: new redirection conflicts with existing -- ignoring it
--12757--     old: 0x0510ca10 (__memcpy_chk_avx_una) R-> (2030.0) 0x04853dd0 __memcpy_chk
--12757--     new: 0x0510ca10 (__memcpy_chk_avx_una) R-> (2024.0) 0x04853740 __memmove_chk
--12757-- REDIR: 0x5036440 (libc.so.6:stpcpy) redirected to 0x483d1c0 (_vgnU_ifunc_wrapper)
--12757-- REDIR: 0x5035fc0 (libc.so.6:memmove) redirected to 0x483d1c0 (_vgnU_ifunc_wrapper)
==12757== Preferring higher priority redirection:
--12757--     old: 0x0510ca40 (__memcpy_avx_unalign) R-> (2018.0) 0x04851580 __memcpy_avx_unaligned_erms
--12757--     new: 0x0510ca40 (__memcpy_avx_unalign) R-> (2018.1) 0x04852d60 memmove
--12757-- REDIR: 0x50355b0 (libc.so.6:memchr) redirected to 0x483d1c0 (_vgnU_ifunc_wrapper)
--12757-- REDIR: 0x50392e0 (libc.so.6:strspn) redirected to 0x483d1c0 (_vgnU_ifunc_wrapper)
--12757-- REDIR: 0x50360e0 (libc.so.6:mempcpy) redirected to 0x483d1c0 (_vgnU_ifunc_wrapper)
--12757-- REDIR: 0x5038d50 (libc.so.6:strncasecmp) redirected to 0x483d1c0 (_vgnU_ifunc_wrapper)
--12757-- REDIR: 0x5111630 (libc.so.6:__strrchr_avx2) redirected to 0x484ed20 (rindex)
--12757-- REDIR: 0x510f780 (libc.so.6:__strlen_avx2) redirected to 0x484f220 (strlen)
--12757-- REDIR: 0x510c2e0 (libc.so.6:__memcmp_avx2_movbe) redirected to 0x4852480 (bcmp)
--12757-- REDIR: 0x5110860 (libc.so.6:__strncmp_avx2) redirected to 0x484fab0 (strncmp)
--12757-- REDIR: 0x5031650 (libc.so.6:malloc) redirected to 0x48467b0 (malloc)
--12757-- REDIR: 0x510ca40 (libc.so.6:__memcpy_avx_unaligned_erms) redirected to 0x4852d60 (memmove)
--12757-- REDIR: 0x510ca00 (libc.so.6:__mempcpy_avx_unaligned_erms) redirected to 0x48538d0 (mempcpy)
--12757-- REDIR: 0x5110ec0 (libc.so.6:__strncpy_avx2) redirected to 0x484f4f0 (strncpy)
--12757-- REDIR: 0x4d918e0 (libstdc++.so.6:operator new(unsigned long)) redirected to 0x4846f30 (operator new(unsigned long))
--12757-- REDIR: 0x4d8f8a0 (libstdc++.so.6:operator delete(void*)) redirected to 0x484a080 (operator delete(void*))
--12757-- REDIR: 0x50327a0 (libc.so.6:calloc) redirected to 0x484d8a0 (calloc)
--12757-- REDIR: 0x5031d30 (libc.so.6:free) redirected to 0x4849820 (free)
--12757-- REDIR: 0x510ede0 (libc.so.6:__strchrnul_avx2) redirected to 0x48537b0 (strchrnul)
--12757-- REDIR: 0x510f530 (libc.so.6:__strcpy_avx2) redirected to 0x484f370 (strcpy)
--12757-- REDIR: 0x510c040 (libc.so.6:__memchr_avx2) redirected to 0x48504e0 (memchr)
--12757-- REDIR: 0x4d8f8b0 (libstdc++.so.6:operator delete(void*, unsigned long)) redirected to 0x484a530 (operator delete(void*, unsigned long))
==12757== Invalid free() / delete / delete[] / realloc()
==12757==    at 0x484A164: operator delete(void*) (in /usr/libexec/valgrind/vgpreload_memcheck-amd64-linux.so)
==12757==    by 0x488EAD3: clientAddrInfo::~clientAddrInfo() (in /mnt/g/School/GoblinColosseum/game/lin-build/libnet.so)
==12757==    by 0x488FFF9: NetEngine::~NetEngine() (in /mnt/g/School/GoblinColosseum/game/lin-build/libnet.so)
==12757==    by 0x4FCBA75: __run_exit_handlers (exit.c:108)
==12757==    by 0x4FCBBBD: exit (exit.c:138)
==12757==    by 0x10ADEF: handleUnexpectedClosure(int) (in /mnt/g/School/GoblinColosseum/game/lin-build/GOBLIN)
==12757==    by 0x4FC932F: ??? (in /usr/lib/x86_64-linux-gnu/libc.so.6)
==12757==    by 0x5070A79: clock_nanosleep@@GLIBC_2.17 (clock_nanosleep.c:78)
==12757==    by 0x507DA26: nanosleep (nanosleep.c:25)
==12757==    by 0x50AD75B: usleep (usleep.c:31)
==12757==    by 0x4890FD7: crossPlatformSleep(unsigned int) (in /mnt/g/School/GoblinColosseum/game/lin-build/libnet.so)
==12757==    by 0x48925C5: NetEngine::initializePeerCommunication(unsigned short, unsigned char) (in /mnt/g/School/GoblinColosseum/game/lin-build/libnet.so)
==12757==  Address 0x5735550 is 0 bytes inside a block of size 31 free'd
==12757==    at 0x484A164: operator delete(void*) (in /usr/libexec/valgrind/vgpreload_memcheck-amd64-linux.so)
==12757==    by 0x488EAD3: clientAddrInfo::~clientAddrInfo() (in /mnt/g/School/GoblinColosseum/game/lin-build/libnet.so)
==12757==    by 0x488FFF9: NetEngine::~NetEngine() (in /mnt/g/School/GoblinColosseum/game/lin-build/libnet.so)
==12757==    by 0x10ADCC: handleUnexpectedClosure(int) (in /mnt/g/School/GoblinColosseum/game/lin-build/GOBLIN)
==12757==    by 0x4FC932F: ??? (in /usr/lib/x86_64-linux-gnu/libc.so.6)
==12757==    by 0x5070A79: clock_nanosleep@@GLIBC_2.17 (clock_nanosleep.c:78)
==12757==    by 0x507DA26: nanosleep (nanosleep.c:25)
==12757==    by 0x50AD75B: usleep (usleep.c:31)
==12757==    by 0x4890FD7: crossPlatformSleep(unsigned int) (in /mnt/g/School/GoblinColosseum/game/lin-build/libnet.so)
==12757==    by 0x48925C5: NetEngine::initializePeerCommunication(unsigned short, unsigned char) (in /mnt/g/School/GoblinColosseum/game/lin-build/libnet.so)
==12757==    by 0x4892D1C: NetEngine::testNetClient() (in /mnt/g/School/GoblinColosseum/game/lin-build/libnet.so)
==12757==    by 0x10A569: main (in /mnt/g/School/GoblinColosseum/game/lin-build/GOBLIN)
==12757==  Block was alloc'd at
==12757==    at 0x4846FA3: operator new(unsigned long) (in /usr/libexec/valgrind/vgpreload_memcheck-amd64-linux.so)
==12757==    by 0x4E3E70E: std::__cxx11::basic_string<char, std::char_traits<char>, std::allocator<char> >::_M_mutate(unsigned long, unsigned long, char const*, unsigned long) (in /usr/lib/x86_64-linux-gnu/libstdc++.so.6.0.33)
==12757==    by 0x4E3F82A: std::__cxx11::basic_string<char, std::char_traits<char>, std::allocator<char> >::_M_replace(unsigned long, unsigned long, char const*, unsigned long) (in /usr/lib/x86_64-linux-gnu/libstdc++.so.6.0.33)
==12757==    by 0x4E389DE: std::__cxx11::basic_stringstream<char, std::char_traits<char>, std::allocator<char> >::str() const (in /usr/lib/x86_64-linux-gnu/libstdc++.so.6.0.33)
==12757==    by 0x4890EE1: NetEngine::updateLocalAddress(int) (in /mnt/g/School/GoblinColosseum/game/lin-build/libnet.so)
==12757==    by 0x4891FA2: NetEngine::joinLobby() (in /mnt/g/School/GoblinColosseum/game/lin-build/libnet.so)
==12757==    by 0x4892BC2: NetEngine::testNetClient() (in /mnt/g/School/GoblinColosseum/game/lin-build/libnet.so)
==12757==    by 0x10A569: main (in /mnt/g/School/GoblinColosseum/game/lin-build/GOBLIN)
==12757== 
==12757== Invalid read of size 8
==12757==    at 0x4E3EAE4: std::__cxx11::basic_string<char, std::char_traits<char>, std::allocator<char> >::~basic_string() (in /usr/lib/x86_64-linux-gnu/libstdc++.so.6.0.33)
==12757==    by 0x488E99F: std::pair<std::__cxx11::basic_string<char, std::char_traits<char>, std::allocator<char> >, unsigned long>::~pair() (in /mnt/g/School/GoblinColosseum/game/lin-build/libnet.so)
==12757==    by 0x488FAA3: void std::_Destroy<std::pair<std::__cxx11::basic_string<char, std::char_traits<char>, std::allocator<char> >, unsigned long> >(std::pair<std::__cxx11::basic_string<char, std::char_traits<char>, std::allocator<char> >, unsigned long>*) (in /mnt/g/School/GoblinColosseum/game/lin-build/libnet.so)
==12757==    by 0x488F9A5: void std::_Destroy_aux<false>::__destroy<std::pair<std::__cxx11::basic_string<char, std::char_traits<char>, std::allocator<char> >, unsigned long>*>(std::pair<std::__cxx11::basic_string<char, std::char_traits<char>, std::allocator<char> >, unsigned long>*, std::pair<std::__cxx11::basic_string<char, std::char_traits<char>, std::allocator<char> >, unsigned long>*) (in /mnt/g/School/GoblinColosseum/game/lin-build/libnet.so)
==12757==    by 0x488F694: void std::_Destroy<std::pair<std::__cxx11::basic_string<char, std::char_traits<char>, std::allocator<char> >, unsigned long>*>(std::pair<std::__cxx11::basic_string<char, std::char_traits<char>, std::allocator<char> >, unsigned long>*, std::pair<std::__cxx11::basic_string<char, std::char_traits<char>, std::allocator<char> >, unsigned long>*) (in /mnt/g/School/GoblinColosseum/game/lin-build/libnet.so)
==12757==    by 0x488ED5B: std::vector<std::pair<std::__cxx11::basic_string<char, std::char_traits<char>, std::allocator<char> >, unsigned long>, std::allocator<std::pair<std::__cxx11::basic_string<char, std::char_traits<char>, std::allocator<char> >, unsigned long> > >::~vector() (in /mnt/g/School/GoblinColosseum/game/lin-build/libnet.so)
==12757==    by 0x4890009: NetEngine::~NetEngine() (in /mnt/g/School/GoblinColosseum/game/lin-build/libnet.so)
==12757==    by 0x4FCBA75: __run_exit_handlers (exit.c:108)
==12757==    by 0x4FCBBBD: exit (exit.c:138)
==12757==    by 0x10ADEF: handleUnexpectedClosure(int) (in /mnt/g/School/GoblinColosseum/game/lin-build/GOBLIN)
==12757==    by 0x4FC932F: ??? (in /usr/lib/x86_64-linux-gnu/libc.so.6)
==12757==    by 0x5070A79: clock_nanosleep@@GLIBC_2.17 (clock_nanosleep.c:78)
==12757==  Address 0x5735290 is 0 bytes inside a block of size 40 free'd
==12757==    at 0x484A61D: operator delete(void*, unsigned long) (in /usr/libexec/valgrind/vgpreload_memcheck-amd64-linux.so)
==12757==    by 0x488F979: std::__new_allocator<std::pair<std::__cxx11::basic_string<char, std::char_traits<char>, std::allocator<char> >, unsigned long> >::deallocate(std::pair<std::__cxx11::basic_string<char, std::char_traits<char>, std::allocator<char> >, unsigned long>*, unsigned long) (in /mnt/g/School/GoblinColosseum/game/lin-build/libnet.so)
==12757==    by 0x488F189: std::_Vector_base<std::pair<std::__cxx11::basic_string<char, std::char_traits<char>, std::allocator<char> >, unsigned long>, std::allocator<std::pair<std::__cxx11::basic_string<char, std::char_traits<char>, std::allocator<char> >, unsigned long> > >::_M_deallocate(std::pair<std::__cxx11::basic_string<char, std::char_traits<char>, std::allocator<char> >, unsigned long>*, unsigned long) (in /mnt/g/School/GoblinColosseum/game/lin-build/libnet.so)
==12757==    by 0x488ED02: std::_Vector_base<std::pair<std::__cxx11::basic_string<char, std::char_traits<char>, std::allocator<char> >, unsigned long>, std::allocator<std::pair<std::__cxx11::basic_string<char, std::char_traits<char>, std::allocator<char> >, unsigned long> > >::~_Vector_base() (in /mnt/g/School/GoblinColosseum/game/lin-build/libnet.so)
==12757==    by 0x488ED68: std::vector<std::pair<std::__cxx11::basic_string<char, std::char_traits<char>, std::allocator<char> >, unsigned long>, std::allocator<std::pair<std::__cxx11::basic_string<char, std::char_traits<char>, std::allocator<char> >, unsigned long> > >::~vector() (in /mnt/g/School/GoblinColosseum/game/lin-build/libnet.so)
==12757==    by 0x4890009: NetEngine::~NetEngine() (in /mnt/g/School/GoblinColosseum/game/lin-build/libnet.so)
==12757==    by 0x10ADCC: handleUnexpectedClosure(int) (in /mnt/g/School/GoblinColosseum/game/lin-build/GOBLIN)
==12757==    by 0x4FC932F: ??? (in /usr/lib/x86_64-linux-gnu/libc.so.6)
==12757==    by 0x5070A79: clock_nanosleep@@GLIBC_2.17 (clock_nanosleep.c:78)
==12757==    by 0x507DA26: nanosleep (nanosleep.c:25)
==12757==    by 0x50AD75B: usleep (usleep.c:31)
==12757==    by 0x4890FD7: crossPlatformSleep(unsigned int) (in /mnt/g/School/GoblinColosseum/game/lin-build/libnet.so)
==12757==  Block was alloc'd at
==12757==    at 0x4846FA3: operator new(unsigned long) (in /usr/libexec/valgrind/vgpreload_memcheck-amd64-linux.so)
==12757==    by 0x488FBAB: std::__new_allocator<std::pair<std::__cxx11::basic_string<char, std::char_traits<char>, std::allocator<char> >, unsigned long> >::allocate(unsigned long, void const*) (in /mnt/g/School/GoblinColosseum/game/lin-build/libnet.so)
==12757==    by 0x488F8EA: std::_Vector_base<std::pair<std::__cxx11::basic_string<char, std::char_traits<char>, std::allocator<char> >, unsigned long>, std::allocator<std::pair<std::__cxx11::basic_string<char, std::char_traits<char>, std::allocator<char> >, unsigned long> > >::_M_allocate(unsigned long) (in /mnt/g/School/GoblinColosseum/game/lin-build/libnet.so)
==12757==    by 0x488F2BD: void std::vector<std::pair<std::__cxx11::basic_string<char, std::char_traits<char>, std::allocator<char> >, unsigned long>, std::allocator<std::pair<std::__cxx11::basic_string<char, std::char_traits<char>, std::allocator<char> >, unsigned long> > >::_M_realloc_insert<std::pair<std::__cxx11::basic_string<char, std::char_traits<char>, std::allocator<char> >, unsigned long> const&>(__gnu_cxx::__normal_iterator<std::pair<std::__cxx11::basic_string<char, std::char_traits<char>, std::allocator<char> >, unsigned long>*, std::vector<std::pair<std::__cxx11::basic_string<char, std::char_traits<char>, std::allocator<char> >, unsigned long>, std::allocator<std::pair<std::__cxx11::basic_string<char, std::char_traits<char>, std::allocator<char> >, unsigned long> > > >, std::pair<std::__cxx11::basic_string<char, std::char_traits<char>, std::allocator<char> >, unsigned long> const&) (in /mnt/g/School/GoblinColosseum/game/lin-build/libnet.so)
==12757==    by 0x488EE68: std::vector<std::pair<std::__cxx11::basic_string<char, std::char_traits<char>, std::allocator<char> >, unsigned long>, std::allocator<std::pair<std::__cxx11::basic_string<char, std::char_traits<char>, std::allocator<char> >, unsigned long> > >::push_back(std::pair<std::__cxx11::basic_string<char, std::char_traits<char>, std::allocator<char> >, unsigned long> const&) (in /mnt/g/School/GoblinColosseum/game/lin-build/libnet.so)
==12757==    by 0x488E0B0: ServerPacket::parseLobbyList[abi:cxx11]() (in /mnt/g/School/GoblinColosseum/game/lin-build/libnet.so)
==12757==    by 0x4891D22: NetEngine::getLobbies(unsigned long, unsigned long) (in /mnt/g/School/GoblinColosseum/game/lin-build/libnet.so)
==12757==    by 0x4892A16: NetEngine::testNetClient() (in /mnt/g/School/GoblinColosseum/game/lin-build/libnet.so)
==12757==    by 0x10A569: main (in /mnt/g/School/GoblinColosseum/game/lin-build/GOBLIN)
==12757== 
==12757== Invalid free() / delete / delete[] / realloc()
==12757==    at 0x484A61D: operator delete(void*, unsigned long) (in /usr/libexec/valgrind/vgpreload_memcheck-amd64-linux.so)
==12757==    by 0x488F979: std::__new_allocator<std::pair<std::__cxx11::basic_string<char, std::char_traits<char>, std::allocator<char> >, unsigned long> >::deallocate(std::pair<std::__cxx11::basic_string<char, std::char_traits<char>, std::allocator<char> >, unsigned long>*, unsigned long) (in /mnt/g/School/GoblinColosseum/game/lin-build/libnet.so)
==12757==    by 0x488F189: std::_Vector_base<std::pair<std::__cxx11::basic_string<char, std::char_traits<char>, std::allocator<char> >, unsigned long>, std::allocator<std::pair<std::__cxx11::basic_string<char, std::char_traits<char>, std::allocator<char> >, unsigned long> > >::_M_deallocate(std::pair<std::__cxx11::basic_string<char, std::char_traits<char>, std::allocator<char> >, unsigned long>*, unsigned long) (in /mnt/g/School/GoblinColosseum/game/lin-build/libnet.so)
==12757==    by 0x488ED02: std::_Vector_base<std::pair<std::__cxx11::basic_string<char, std::char_traits<char>, std::allocator<char> >, unsigned long>, std::allocator<std::pair<std::__cxx11::basic_string<char, std::char_traits<char>, std::allocator<char> >, unsigned long> > >::~_Vector_base() (in /mnt/g/School/GoblinColosseum/game/lin-build/libnet.so)
==12757==    by 0x488ED68: std::vector<std::pair<std::__cxx11::basic_string<char, std::char_traits<char>, std::allocator<char> >, unsigned long>, std::allocator<std::pair<std::__cxx11::basic_string<char, std::char_traits<char>, std::allocator<char> >, unsigned long> > >::~vector() (in /mnt/g/School/GoblinColosseum/game/lin-build/libnet.so)
==12757==    by 0x4890009: NetEngine::~NetEngine() (in /mnt/g/School/GoblinColosseum/game/lin-build/libnet.so)
==12757==    by 0x4FCBA75: __run_exit_handlers (exit.c:108)
==12757==    by 0x4FCBBBD: exit (exit.c:138)
==12757==    by 0x10ADEF: handleUnexpectedClosure(int) (in /mnt/g/School/GoblinColosseum/game/lin-build/GOBLIN)
==12757==    by 0x4FC932F: ??? (in /usr/lib/x86_64-linux-gnu/libc.so.6)
==12757==    by 0x5070A79: clock_nanosleep@@GLIBC_2.17 (clock_nanosleep.c:78)
==12757==    by 0x507DA26: nanosleep (nanosleep.c:25)
==12757==  Address 0x5735290 is 0 bytes inside a block of size 40 free'd
==12757==    at 0x484A61D: operator delete(void*, unsigned long) (in /usr/libexec/valgrind/vgpreload_memcheck-amd64-linux.so)
==12757==    by 0x488F979: std::__new_allocator<std::pair<std::__cxx11::basic_string<char, std::char_traits<char>, std::allocator<char> >, unsigned long> >::deallocate(std::pair<std::__cxx11::basic_string<char, std::char_traits<char>, std::allocator<char> >, unsigned long>*, unsigned long) (in /mnt/g/School/GoblinColosseum/game/lin-build/libnet.so)
==12757==    by 0x488F189: std::_Vector_base<std::pair<std::__cxx11::basic_string<char, std::char_traits<char>, std::allocator<char> >, unsigned long>, std::allocator<std::pair<std::__cxx11::basic_string<char, std::char_traits<char>, std::allocator<char> >, unsigned long> > >::_M_deallocate(std::pair<std::__cxx11::basic_string<char, std::char_traits<char>, std::allocator<char> >, unsigned long>*, unsigned long) (in /mnt/g/School/GoblinColosseum/game/lin-build/libnet.so)
==12757==    by 0x488ED02: std::_Vector_base<std::pair<std::__cxx11::basic_string<char, std::char_traits<char>, std::allocator<char> >, unsigned long>, std::allocator<std::pair<std::__cxx11::basic_string<char, std::char_traits<char>, std::allocator<char> >, unsigned long> > >::~_Vector_base() (in /mnt/g/School/GoblinColosseum/game/lin-build/libnet.so)
==12757==    by 0x488ED68: std::vector<std::pair<std::__cxx11::basic_string<char, std::char_traits<char>, std::allocator<char> >, unsigned long>, std::allocator<std::pair<std::__cxx11::basic_string<char, std::char_traits<char>, std::allocator<char> >, unsigned long> > >::~vector() (in /mnt/g/School/GoblinColosseum/game/lin-build/libnet.so)
==12757==    by 0x4890009: NetEngine::~NetEngine() (in /mnt/g/School/GoblinColosseum/game/lin-build/libnet.so)
==12757==    by 0x10ADCC: handleUnexpectedClosure(int) (in /mnt/g/School/GoblinColosseum/game/lin-build/GOBLIN)
==12757==    by 0x4FC932F: ??? (in /usr/lib/x86_64-linux-gnu/libc.so.6)
==12757==    by 0x5070A79: clock_nanosleep@@GLIBC_2.17 (clock_nanosleep.c:78)
==12757==    by 0x507DA26: nanosleep (nanosleep.c:25)
==12757==    by 0x50AD75B: usleep (usleep.c:31)
==12757==    by 0x4890FD7: crossPlatformSleep(unsigned int) (in /mnt/g/School/GoblinColosseum/game/lin-build/libnet.so)
==12757==  Block was alloc'd at
==12757==    at 0x4846FA3: operator new(unsigned long) (in /usr/libexec/valgrind/vgpreload_memcheck-amd64-linux.so)
==12757==    by 0x488FBAB: std::__new_allocator<std::pair<std::__cxx11::basic_string<char, std::char_traits<char>, std::allocator<char> >, unsigned long> >::allocate(unsigned long, void const*) (in /mnt/g/School/GoblinColosseum/game/lin-build/libnet.so)
==12757==    by 0x488F8EA: std::_Vector_base<std::pair<std::__cxx11::basic_string<char, std::char_traits<char>, std::allocator<char> >, unsigned long>, std::allocator<std::pair<std::__cxx11::basic_string<char, std::char_traits<char>, std::allocator<char> >, unsigned long> > >::_M_allocate(unsigned long) (in /mnt/g/School/GoblinColosseum/game/lin-build/libnet.so)
==12757==    by 0x488F2BD: void std::vector<std::pair<std::__cxx11::basic_string<char, std::char_traits<char>, std::allocator<char> >, unsigned long>, std::allocator<std::pair<std::__cxx11::basic_string<char, std::char_traits<char>, std::allocator<char> >, unsigned long> > >::_M_realloc_insert<std::pair<std::__cxx11::basic_string<char, std::char_traits<char>, std::allocator<char> >, unsigned long> const&>(__gnu_cxx::__normal_iterator<std::pair<std::__cxx11::basic_string<char, std::char_traits<char>, std::allocator<char> >, unsigned long>*, std::vector<std::pair<std::__cxx11::basic_string<char, std::char_traits<char>, std::allocator<char> >, unsigned long>, std::allocator<std::pair<std::__cxx11::basic_string<char, std::char_traits<char>, std::allocator<char> >, unsigned long> > > >, std::pair<std::__cxx11::basic_string<char, std::char_traits<char>, std::allocator<char> >, unsigned long> const&) (in /mnt/g/School/GoblinColosseum/game/lin-build/libnet.so)
==12757==    by 0x488EE68: std::vector<std::pair<std::__cxx11::basic_string<char, std::char_traits<char>, std::allocator<char> >, unsigned long>, std::allocator<std::pair<std::__cxx11::basic_string<char, std::char_traits<char>, std::allocator<char> >, unsigned long> > >::push_back(std::pair<std::__cxx11::basic_string<char, std::char_traits<char>, std::allocator<char> >, unsigned long> const&) (in /mnt/g/School/GoblinColosseum/game/lin-build/libnet.so)
==12757==    by 0x488E0B0: ServerPacket::parseLobbyList[abi:cxx11]() (in /mnt/g/School/GoblinColosseum/game/lin-build/libnet.so)
==12757==    by 0x4891D22: NetEngine::getLobbies(unsigned long, unsigned long) (in /mnt/g/School/GoblinColosseum/game/lin-build/libnet.so)
==12757==    by 0x4892A16: NetEngine::testNetClient() (in /mnt/g/School/GoblinColosseum/game/lin-build/libnet.so)
==12757==    by 0x10A569: main (in /mnt/g/School/GoblinColosseum/game/lin-build/GOBLIN)
==12757== 
==12757== 
==12757== HEAP SUMMARY:
==12757==     in use at exit: 0 bytes in 0 blocks
==12757==   total heap usage: 20 allocs, 22 frees, 80,318 bytes allocated
==12757== 
==12757== All heap blocks were freed -- no leaks are possible
==12757== 
==12757== ERROR SUMMARY: 3 errors from 3 contexts (suppressed: 0 from 0)
==12757== 
==12757== 1 errors in context 1 of 3:
==12757== Invalid free() / delete / delete[] / realloc()
==12757==    at 0x484A61D: operator delete(void*, unsigned long) (in /usr/libexec/valgrind/vgpreload_memcheck-amd64-linux.so)
==12757==    by 0x488F979: std::__new_allocator<std::pair<std::__cxx11::basic_string<char, std::char_traits<char>, std::allocator<char> >, unsigned long> >::deallocate(std::pair<std::__cxx11::basic_string<char, std::char_traits<char>, std::allocator<char> >, unsigned long>*, unsigned long) (in /mnt/g/School/GoblinColosseum/game/lin-build/libnet.so)
==12757==    by 0x488F189: std::_Vector_base<std::pair<std::__cxx11::basic_string<char, std::char_traits<char>, std::allocator<char> >, unsigned long>, std::allocator<std::pair<std::__cxx11::basic_string<char, std::char_traits<char>, std::allocator<char> >, unsigned long> > >::_M_deallocate(std::pair<std::__cxx11::basic_string<char, std::char_traits<char>, std::allocator<char> >, unsigned long>*, unsigned long) (in /mnt/g/School/GoblinColosseum/game/lin-build/libnet.so)
==12757==    by 0x488ED02: std::_Vector_base<std::pair<std::__cxx11::basic_string<char, std::char_traits<char>, std::allocator<char> >, unsigned long>, std::allocator<std::pair<std::__cxx11::basic_string<char, std::char_traits<char>, std::allocator<char> >, unsigned long> > >::~_Vector_base() (in /mnt/g/School/GoblinColosseum/game/lin-build/libnet.so)
==12757==    by 0x488ED68: std::vector<std::pair<std::__cxx11::basic_string<char, std::char_traits<char>, std::allocator<char> >, unsigned long>, std::allocator<std::pair<std::__cxx11::basic_string<char, std::char_traits<char>, std::allocator<char> >, unsigned long> > >::~vector() (in /mnt/g/School/GoblinColosseum/game/lin-build/libnet.so)
==12757==    by 0x4890009: NetEngine::~NetEngine() (in /mnt/g/School/GoblinColosseum/game/lin-build/libnet.so)
==12757==    by 0x4FCBA75: __run_exit_handlers (exit.c:108)
==12757==    by 0x4FCBBBD: exit (exit.c:138)
==12757==    by 0x10ADEF: handleUnexpectedClosure(int) (in /mnt/g/School/GoblinColosseum/game/lin-build/GOBLIN)
==12757==    by 0x4FC932F: ??? (in /usr/lib/x86_64-linux-gnu/libc.so.6)
==12757==    by 0x5070A79: clock_nanosleep@@GLIBC_2.17 (clock_nanosleep.c:78)
==12757==    by 0x507DA26: nanosleep (nanosleep.c:25)
==12757==  Address 0x5735290 is 0 bytes inside a block of size 40 free'd
==12757==    at 0x484A61D: operator delete(void*, unsigned long) (in /usr/libexec/valgrind/vgpreload_memcheck-amd64-linux.so)
==12757==    by 0x488F979: std::__new_allocator<std::pair<std::__cxx11::basic_string<char, std::char_traits<char>, std::allocator<char> >, unsigned long> >::deallocate(std::pair<std::__cxx11::basic_string<char, std::char_traits<char>, std::allocator<char> >, unsigned long>*, unsigned long) (in /mnt/g/School/GoblinColosseum/game/lin-build/libnet.so)
==12757==    by 0x488F189: std::_Vector_base<std::pair<std::__cxx11::basic_string<char, std::char_traits<char>, std::allocator<char> >, unsigned long>, std::allocator<std::pair<std::__cxx11::basic_string<char, std::char_traits<char>, std::allocator<char> >, unsigned long> > >::_M_deallocate(std::pair<std::__cxx11::basic_string<char, std::char_traits<char>, std::allocator<char> >, unsigned long>*, unsigned long) (in /mnt/g/School/GoblinColosseum/game/lin-build/libnet.so)
==12757==    by 0x488ED02: std::_Vector_base<std::pair<std::__cxx11::basic_string<char, std::char_traits<char>, std::allocator<char> >, unsigned long>, std::allocator<std::pair<std::__cxx11::basic_string<char, std::char_traits<char>, std::allocator<char> >, unsigned long> > >::~_Vector_base() (in /mnt/g/School/GoblinColosseum/game/lin-build/libnet.so)
==12757==    by 0x488ED68: std::vector<std::pair<std::__cxx11::basic_string<char, std::char_traits<char>, std::allocator<char> >, unsigned long>, std::allocator<std::pair<std::__cxx11::basic_string<char, std::char_traits<char>, std::allocator<char> >, unsigned long> > >::~vector() (in /mnt/g/School/GoblinColosseum/game/lin-build/libnet.so)
==12757==    by 0x4890009: NetEngine::~NetEngine() (in /mnt/g/School/GoblinColosseum/game/lin-build/libnet.so)
==12757==    by 0x10ADCC: handleUnexpectedClosure(int) (in /mnt/g/School/GoblinColosseum/game/lin-build/GOBLIN)
==12757==    by 0x4FC932F: ??? (in /usr/lib/x86_64-linux-gnu/libc.so.6)
==12757==    by 0x5070A79: clock_nanosleep@@GLIBC_2.17 (clock_nanosleep.c:78)
==12757==    by 0x507DA26: nanosleep (nanosleep.c:25)
==12757==    by 0x50AD75B: usleep (usleep.c:31)
==12757==    by 0x4890FD7: crossPlatformSleep(unsigned int) (in /mnt/g/School/GoblinColosseum/game/lin-build/libnet.so)
==12757==  Block was alloc'd at
==12757==    at 0x4846FA3: operator new(unsigned long) (in /usr/libexec/valgrind/vgpreload_memcheck-amd64-linux.so)
==12757==    by 0x488FBAB: std::__new_allocator<std::pair<std::__cxx11::basic_string<char, std::char_traits<char>, std::allocator<char> >, unsigned long> >::allocate(unsigned long, void const*) (in /mnt/g/School/GoblinColosseum/game/lin-build/libnet.so)
==12757==    by 0x488F8EA: std::_Vector_base<std::pair<std::__cxx11::basic_string<char, std::char_traits<char>, std::allocator<char> >, unsigned long>, std::allocator<std::pair<std::__cxx11::basic_string<char, std::char_traits<char>, std::allocator<char> >, unsigned long> > >::_M_allocate(unsigned long) (in /mnt/g/School/GoblinColosseum/game/lin-build/libnet.so)
==12757==    by 0x488F2BD: void std::vector<std::pair<std::__cxx11::basic_string<char, std::char_traits<char>, std::allocator<char> >, unsigned long>, std::allocator<std::pair<std::__cxx11::basic_string<char, std::char_traits<char>, std::allocator<char> >, unsigned long> > >::_M_realloc_insert<std::pair<std::__cxx11::basic_string<char, std::char_traits<char>, std::allocator<char> >, unsigned long> const&>(__gnu_cxx::__normal_iterator<std::pair<std::__cxx11::basic_string<char, std::char_traits<char>, std::allocator<char> >, unsigned long>*, std::vector<std::pair<std::__cxx11::basic_string<char, std::char_traits<char>, std::allocator<char> >, unsigned long>, std::allocator<std::pair<std::__cxx11::basic_string<char, std::char_traits<char>, std::allocator<char> >, unsigned long> > > >, std::pair<std::__cxx11::basic_string<char, std::char_traits<char>, std::allocator<char> >, unsigned long> const&) (in /mnt/g/School/GoblinColosseum/game/lin-build/libnet.so)
==12757==    by 0x488EE68: std::vector<std::pair<std::__cxx11::basic_string<char, std::char_traits<char>, std::allocator<char> >, unsigned long>, std::allocator<std::pair<std::__cxx11::basic_string<char, std::char_traits<char>, std::allocator<char> >, unsigned long> > >::push_back(std::pair<std::__cxx11::basic_string<char, std::char_traits<char>, std::allocator<char> >, unsigned long> const&) (in /mnt/g/School/GoblinColosseum/game/lin-build/libnet.so)
==12757==    by 0x488E0B0: ServerPacket::parseLobbyList[abi:cxx11]() (in /mnt/g/School/GoblinColosseum/game/lin-build/libnet.so)
==12757==    by 0x4891D22: NetEngine::getLobbies(unsigned long, unsigned long) (in /mnt/g/School/GoblinColosseum/game/lin-build/libnet.so)
==12757==    by 0x4892A16: NetEngine::testNetClient() (in /mnt/g/School/GoblinColosseum/game/lin-build/libnet.so)
==12757==    by 0x10A569: main (in /mnt/g/School/GoblinColosseum/game/lin-build/GOBLIN)
==12757== 
==12757== 
==12757== 1 errors in context 2 of 3:
==12757== Invalid read of size 8
==12757==    at 0x4E3EAE4: std::__cxx11::basic_string<char, std::char_traits<char>, std::allocator<char> >::~basic_string() (in /usr/lib/x86_64-linux-gnu/libstdc++.so.6.0.33)
==12757==    by 0x488E99F: std::pair<std::__cxx11::basic_string<char, std::char_traits<char>, std::allocator<char> >, unsigned long>::~pair() (in /mnt/g/School/GoblinColosseum/game/lin-build/libnet.so)
==12757==    by 0x488FAA3: void std::_Destroy<std::pair<std::__cxx11::basic_string<char, std::char_traits<char>, std::allocator<char> >, unsigned long> >(std::pair<std::__cxx11::basic_string<char, std::char_traits<char>, std::allocator<char> >, unsigned long>*) (in /mnt/g/School/GoblinColosseum/game/lin-build/libnet.so)
==12757==    by 0x488F9A5: void std::_Destroy_aux<false>::__destroy<std::pair<std::__cxx11::basic_string<char, std::char_traits<char>, std::allocator<char> >, unsigned long>*>(std::pair<std::__cxx11::basic_string<char, std::char_traits<char>, std::allocator<char> >, unsigned long>*, std::pair<std::__cxx11::basic_string<char, std::char_traits<char>, std::allocator<char> >, unsigned long>*) (in /mnt/g/School/GoblinColosseum/game/lin-build/libnet.so)
==12757==    by 0x488F694: void std::_Destroy<std::pair<std::__cxx11::basic_string<char, std::char_traits<char>, std::allocator<char> >, unsigned long>*>(std::pair<std::__cxx11::basic_string<char, std::char_traits<char>, std::allocator<char> >, unsigned long>*, std::pair<std::__cxx11::basic_string<char, std::char_traits<char>, std::allocator<char> >, unsigned long>*) (in /mnt/g/School/GoblinColosseum/game/lin-build/libnet.so)
==12757==    by 0x488ED5B: std::vector<std::pair<std::__cxx11::basic_string<char, std::char_traits<char>, std::allocator<char> >, unsigned long>, std::allocator<std::pair<std::__cxx11::basic_string<char, std::char_traits<char>, std::allocator<char> >, unsigned long> > >::~vector() (in /mnt/g/School/GoblinColosseum/game/lin-build/libnet.so)
==12757==    by 0x4890009: NetEngine::~NetEngine() (in /mnt/g/School/GoblinColosseum/game/lin-build/libnet.so)
==12757==    by 0x4FCBA75: __run_exit_handlers (exit.c:108)
==12757==    by 0x4FCBBBD: exit (exit.c:138)
==12757==    by 0x10ADEF: handleUnexpectedClosure(int) (in /mnt/g/School/GoblinColosseum/game/lin-build/GOBLIN)
==12757==    by 0x4FC932F: ??? (in /usr/lib/x86_64-linux-gnu/libc.so.6)
==12757==    by 0x5070A79: clock_nanosleep@@GLIBC_2.17 (clock_nanosleep.c:78)
==12757==  Address 0x5735290 is 0 bytes inside a block of size 40 free'd
==12757==    at 0x484A61D: operator delete(void*, unsigned long) (in /usr/libexec/valgrind/vgpreload_memcheck-amd64-linux.so)
==12757==    by 0x488F979: std::__new_allocator<std::pair<std::__cxx11::basic_string<char, std::char_traits<char>, std::allocator<char> >, unsigned long> >::deallocate(std::pair<std::__cxx11::basic_string<char, std::char_traits<char>, std::allocator<char> >, unsigned long>*, unsigned long) (in /mnt/g/School/GoblinColosseum/game/lin-build/libnet.so)
==12757==    by 0x488F189: std::_Vector_base<std::pair<std::__cxx11::basic_string<char, std::char_traits<char>, std::allocator<char> >, unsigned long>, std::allocator<std::pair<std::__cxx11::basic_string<char, std::char_traits<char>, std::allocator<char> >, unsigned long> > >::_M_deallocate(std::pair<std::__cxx11::basic_string<char, std::char_traits<char>, std::allocator<char> >, unsigned long>*, unsigned long) (in /mnt/g/School/GoblinColosseum/game/lin-build/libnet.so)
==12757==    by 0x488ED02: std::_Vector_base<std::pair<std::__cxx11::basic_string<char, std::char_traits<char>, std::allocator<char> >, unsigned long>, std::allocator<std::pair<std::__cxx11::basic_string<char, std::char_traits<char>, std::allocator<char> >, unsigned long> > >::~_Vector_base() (in /mnt/g/School/GoblinColosseum/game/lin-build/libnet.so)
==12757==    by 0x488ED68: std::vector<std::pair<std::__cxx11::basic_string<char, std::char_traits<char>, std::allocator<char> >, unsigned long>, std::allocator<std::pair<std::__cxx11::basic_string<char, std::char_traits<char>, std::allocator<char> >, unsigned long> > >::~vector() (in /mnt/g/School/GoblinColosseum/game/lin-build/libnet.so)
==12757==    by 0x4890009: NetEngine::~NetEngine() (in /mnt/g/School/GoblinColosseum/game/lin-build/libnet.so)
==12757==    by 0x10ADCC: handleUnexpectedClosure(int) (in /mnt/g/School/GoblinColosseum/game/lin-build/GOBLIN)
==12757==    by 0x4FC932F: ??? (in /usr/lib/x86_64-linux-gnu/libc.so.6)
==12757==    by 0x5070A79: clock_nanosleep@@GLIBC_2.17 (clock_nanosleep.c:78)
==12757==    by 0x507DA26: nanosleep (nanosleep.c:25)
==12757==    by 0x50AD75B: usleep (usleep.c:31)
==12757==    by 0x4890FD7: crossPlatformSleep(unsigned int) (in /mnt/g/School/GoblinColosseum/game/lin-build/libnet.so)
==12757==  Block was alloc'd at
==12757==    at 0x4846FA3: operator new(unsigned long) (in /usr/libexec/valgrind/vgpreload_memcheck-amd64-linux.so)
==12757==    by 0x488FBAB: std::__new_allocator<std::pair<std::__cxx11::basic_string<char, std::char_traits<char>, std::allocator<char> >, unsigned long> >::allocate(unsigned long, void const*) (in /mnt/g/School/GoblinColosseum/game/lin-build/libnet.so)
==12757==    by 0x488F8EA: std::_Vector_base<std::pair<std::__cxx11::basic_string<char, std::char_traits<char>, std::allocator<char> >, unsigned long>, std::allocator<std::pair<std::__cxx11::basic_string<char, std::char_traits<char>, std::allocator<char> >, unsigned long> > >::_M_allocate(unsigned long) (in /mnt/g/School/GoblinColosseum/game/lin-build/libnet.so)
==12757==    by 0x488F2BD: void std::vector<std::pair<std::__cxx11::basic_string<char, std::char_traits<char>, std::allocator<char> >, unsigned long>, std::allocator<std::pair<std::__cxx11::basic_string<char, std::char_traits<char>, std::allocator<char> >, unsigned long> > >::_M_realloc_insert<std::pair<std::__cxx11::basic_string<char, std::char_traits<char>, std::allocator<char> >, unsigned long> const&>(__gnu_cxx::__normal_iterator<std::pair<std::__cxx11::basic_string<char, std::char_traits<char>, std::allocator<char> >, unsigned long>*, std::vector<std::pair<std::__cxx11::basic_string<char, std::char_traits<char>, std::allocator<char> >, unsigned long>, std::allocator<std::pair<std::__cxx11::basic_string<char, std::char_traits<char>, std::allocator<char> >, unsigned long> > > >, std::pair<std::__cxx11::basic_string<char, std::char_traits<char>, std::allocator<char> >, unsigned long> const&) (in /mnt/g/School/GoblinColosseum/game/lin-build/libnet.so)
==12757==    by 0x488EE68: std::vector<std::pair<std::__cxx11::basic_string<char, std::char_traits<char>, std::allocator<char> >, unsigned long>, std::allocator<std::pair<std::__cxx11::basic_string<char, std::char_traits<char>, std::allocator<char> >, unsigned long> > >::push_back(std::pair<std::__cxx11::basic_string<char, std::char_traits<char>, std::allocator<char> >, unsigned long> const&) (in /mnt/g/School/GoblinColosseum/game/lin-build/libnet.so)
==12757==    by 0x488E0B0: ServerPacket::parseLobbyList[abi:cxx11]() (in /mnt/g/School/GoblinColosseum/game/lin-build/libnet.so)
==12757==    by 0x4891D22: NetEngine::getLobbies(unsigned long, unsigned long) (in /mnt/g/School/GoblinColosseum/game/lin-build/libnet.so)
==12757==    by 0x4892A16: NetEngine::testNetClient() (in /mnt/g/School/GoblinColosseum/game/lin-build/libnet.so)
==12757==    by 0x10A569: main (in /mnt/g/School/GoblinColosseum/game/lin-build/GOBLIN)
==12757== 
==12757== 
==12757== 1 errors in context 3 of 3:
==12757== Invalid free() / delete / delete[] / realloc()
==12757==    at 0x484A164: operator delete(void*) (in /usr/libexec/valgrind/vgpreload_memcheck-amd64-linux.so)
==12757==    by 0x488EAD3: clientAddrInfo::~clientAddrInfo() (in /mnt/g/School/GoblinColosseum/game/lin-build/libnet.so)
==12757==    by 0x488FFF9: NetEngine::~NetEngine() (in /mnt/g/School/GoblinColosseum/game/lin-build/libnet.so)
==12757==    by 0x4FCBA75: __run_exit_handlers (exit.c:108)
==12757==    by 0x4FCBBBD: exit (exit.c:138)
==12757==    by 0x10ADEF: handleUnexpectedClosure(int) (in /mnt/g/School/GoblinColosseum/game/lin-build/GOBLIN)
==12757==    by 0x4FC932F: ??? (in /usr/lib/x86_64-linux-gnu/libc.so.6)
==12757==    by 0x5070A79: clock_nanosleep@@GLIBC_2.17 (clock_nanosleep.c:78)
==12757==    by 0x507DA26: nanosleep (nanosleep.c:25)
==12757==    by 0x50AD75B: usleep (usleep.c:31)
==12757==    by 0x4890FD7: crossPlatformSleep(unsigned int) (in /mnt/g/School/GoblinColosseum/game/lin-build/libnet.so)
==12757==    by 0x48925C5: NetEngine::initializePeerCommunication(unsigned short, unsigned char) (in /mnt/g/School/GoblinColosseum/game/lin-build/libnet.so)
==12757==  Address 0x5735550 is 0 bytes inside a block of size 31 free'd
==12757==    at 0x484A164: operator delete(void*) (in /usr/libexec/valgrind/vgpreload_memcheck-amd64-linux.so)
==12757==    by 0x488EAD3: clientAddrInfo::~clientAddrInfo() (in /mnt/g/School/GoblinColosseum/game/lin-build/libnet.so)
==12757==    by 0x488FFF9: NetEngine::~NetEngine() (in /mnt/g/School/GoblinColosseum/game/lin-build/libnet.so)
==12757==    by 0x10ADCC: handleUnexpectedClosure(int) (in /mnt/g/School/GoblinColosseum/game/lin-build/GOBLIN)
==12757==    by 0x4FC932F: ??? (in /usr/lib/x86_64-linux-gnu/libc.so.6)
==12757==    by 0x5070A79: clock_nanosleep@@GLIBC_2.17 (clock_nanosleep.c:78)
==12757==    by 0x507DA26: nanosleep (nanosleep.c:25)
==12757==    by 0x50AD75B: usleep (usleep.c:31)
==12757==    by 0x4890FD7: crossPlatformSleep(unsigned int) (in /mnt/g/School/GoblinColosseum/game/lin-build/libnet.so)
==12757==    by 0x48925C5: NetEngine::initializePeerCommunication(unsigned short, unsigned char) (in /mnt/g/School/GoblinColosseum/game/lin-build/libnet.so)
==12757==    by 0x4892D1C: NetEngine::testNetClient() (in /mnt/g/School/GoblinColosseum/game/lin-build/libnet.so)
==12757==    by 0x10A569: main (in /mnt/g/School/GoblinColosseum/game/lin-build/GOBLIN)
==12757==  Block was alloc'd at
==12757==    at 0x4846FA3: operator new(unsigned long) (in /usr/libexec/valgrind/vgpreload_memcheck-amd64-linux.so)
==12757==    by 0x4E3E70E: std::__cxx11::basic_string<char, std::char_traits<char>, std::allocator<char> >::_M_mutate(unsigned long, unsigned long, char const*, unsigned long) (in /usr/lib/x86_64-linux-gnu/libstdc++.so.6.0.33)
==12757==    by 0x4E3F82A: std::__cxx11::basic_string<char, std::char_traits<char>, std::allocator<char> >::_M_replace(unsigned long, unsigned long, char const*, unsigned long) (in /usr/lib/x86_64-linux-gnu/libstdc++.so.6.0.33)
==12757==    by 0x4E389DE: std::__cxx11::basic_stringstream<char, std::char_traits<char>, std::allocator<char> >::str() const (in /usr/lib/x86_64-linux-gnu/libstdc++.so.6.0.33)
==12757==    by 0x4890EE1: NetEngine::updateLocalAddress(int) (in /mnt/g/School/GoblinColosseum/game/lin-build/libnet.so)
==12757==    by 0x4891FA2: NetEngine::joinLobby() (in /mnt/g/School/GoblinColosseum/game/lin-build/libnet.so)
==12757==    by 0x4892BC2: NetEngine::testNetClient() (in /mnt/g/School/GoblinColosseum/game/lin-build/libnet.so)
==12757==    by 0x10A569: main (in /mnt/g/School/GoblinColosseum/game/lin-build/GOBLIN)
==12757== 
==12757== ERROR SUMMARY: 3 errors from 3 contexts (suppressed: 0 from 0)
