==5437== Memcheck, a memory error detector
==5437== Copyright (C) 2002-2022, and GNU GPL'd, by Julian Seward et al.
==5437== Using Valgrind-3.22.0-bd4db67b1d-20231031 and LibVEX; rerun with -h for copyright info
==5437== Command: ./lin-build/GOBLIN
==5437== Parent PID: 14
==5437== 
--5437-- 
--5437-- Valgrind options:
--5437--    --leak-check=full
--5437--    --show-leak-kinds=all
--5437--    --track-origins=yes
--5437--    --verbose
--5437--    --log-file=logs/unix-tcache-free.log
--5437-- Contents of /proc/version:
--5437--   Linux version 6.6.87.2-microsoft-standard-WSL2 (root@439a258ad544) (gcc (GCC) 11.2.0, GNU ld (GNU Binutils) 2.37) #1 SMP PREEMPT_DYNAMIC Thu Jun  5 18:30:46 UTC 2025
--5437-- 
--5437-- Arch and hwcaps: AMD64, LittleEndian, amd64-cx16-lzcnt-rdtscp-sse3-ssse3-avx-avx2-bmi-f16c-rdrand-rdseed
--5437-- Page sizes: currently 4096, max supported 4096
--5437-- Valgrind library directory: /usr/libexec/valgrind
--5437-- Reading syms from /mnt/g/School/GoblinColosseum/game/lin-build/GOBLIN
--5437-- Reading syms from /usr/lib/x86_64-linux-gnu/ld-linux-x86-64.so.2
--5437--   Considering /usr/lib/debug/.build-id/52/0e05878220fb2fc6d28ff46b63b3fd5d48e763.debug ..
--5437--   .. build-id is valid
--5437-- Reading syms from /usr/libexec/valgrind/memcheck-amd64-linux
--5437--    object doesn't have a dynamic symbol table
--5437-- Scheduler: using generic scheduler lock implementation.
--5437-- Reading suppressions file: /usr/libexec/valgrind/default.supp
==5437== embedded gdbserver: reading from /tmp/vgdb-pipe-from-vgdb-to-5437-by-zato-on-???
==5437== embedded gdbserver: writing to   /tmp/vgdb-pipe-to-vgdb-from-5437-by-zato-on-???
==5437== embedded gdbserver: shared mem   /tmp/vgdb-pipe-shared-mem-vgdb-5437-by-zato-on-???
==5437== 
==5437== TO CONTROL THIS PROCESS USING vgdb (which you probably
==5437== don't want to do, unless you know exactly what you're doing,
==5437== or are doing some strange experiment):
==5437==   /usr/bin/vgdb --pid=5437 ...command...
==5437== 
==5437== TO DEBUG THIS PROCESS USING GDB: start GDB like this
==5437==   /path/to/gdb ./lin-build/GOBLIN
==5437== and then give GDB the following command
==5437==   target remote | /usr/bin/vgdb --pid=5437
==5437== --pid is optional if only one valgrind process is running
==5437== 
--5437-- REDIR: 0x4028b00 (ld-linux-x86-64.so.2:strlen) redirected to 0x580c2e1a (???)
--5437-- REDIR: 0x40272b0 (ld-linux-x86-64.so.2:index) redirected to 0x580c2e34 (???)
--5437-- Reading syms from /usr/libexec/valgrind/vgpreload_core-amd64-linux.so
--5437-- Reading syms from /usr/libexec/valgrind/vgpreload_memcheck-amd64-linux.so
==5437== WARNING: new redirection conflicts with existing -- ignoring it
--5437--     old: 0x04028b00 (strlen              ) R-> (0000.0) 0x580c2e1a ???
--5437--     new: 0x04028b00 (strlen              ) R-> (2007.0) 0x0484f340 strlen
--5437-- REDIR: 0x40274e0 (ld-linux-x86-64.so.2:strcmp) redirected to 0x4850460 (strcmp)
--5437-- REDIR: 0x4026910 (ld-linux-x86-64.so.2:mempcpy) redirected to 0x4853cd0 (mempcpy)
--5437-- Reading syms from /mnt/g/School/GoblinColosseum/game/lin-build/libcharacters.so
--5437-- Reading syms from /mnt/g/School/GoblinColosseum/game/lin-build/librender.so
--5437-- Reading syms from /mnt/g/School/GoblinColosseum/game/lin-build/libnet.so
--5437-- Reading syms from /mnt/g/School/GoblinColosseum/game/lin-build/libSDL3.so.0.2.25
--5437-- Reading syms from /mnt/g/School/GoblinColosseum/game/lin-build/libengine.so
--5437-- Reading syms from /mnt/g/School/GoblinColosseum/game/lin-build/libbuttons.so
--5437-- Reading syms from /mnt/g/School/GoblinColosseum/game/lin-build/libutil.so
--5437-- Reading syms from /usr/lib/x86_64-linux-gnu/libstdc++.so.6.0.33
--5437-- Reading syms from /usr/lib/x86_64-linux-gnu/libgcc_s.so.1
--5437-- Reading syms from /usr/lib/x86_64-linux-gnu/libc.so.6
--5437--   Considering /usr/lib/debug/.build-id/27/4eec488d230825a136fa9c4d85370fed7a0a5e.debug ..
--5437--   .. build-id is valid
--5437-- Reading syms from /mnt/g/School/GoblinColosseum/game/lin-build/libSDL3_image.so.0.2.5
--5437-- Reading syms from /mnt/g/School/GoblinColosseum/game/lin-build/libSDL3_ttf.so.0.2.3
--5437-- Reading syms from /usr/lib/x86_64-linux-gnu/libm.so.6
--5437-- REDIR: 0x4028ca0 (ld-linux-x86-64.so.2:strncmp) redirected to 0x484fc90 (strncmp)
--5437-- REDIR: 0x5037050 (libc.so.6:strnlen) redirected to 0x483d1c0 (_vgnU_ifunc_wrapper)
--5437-- REDIR: 0x50370e0 (libc.so.6:strpbrk) redirected to 0x483d1c0 (_vgnU_ifunc_wrapper)
--5437-- REDIR: 0x50351a0 (libc.so.6:strcmp) redirected to 0x483d1c0 (_vgnU_ifunc_wrapper)
--5437-- REDIR: 0x504e3b0 (libc.so.6:wcsnlen) redirected to 0x483d1c0 (_vgnU_ifunc_wrapper)
--5437-- REDIR: 0x5034290 (libc.so.6:memset) redirected to 0x483d1c0 (_vgnU_ifunc_wrapper)
--5437-- REDIR: 0x504db20 (libc.so.6:wcslen) redirected to 0x483d1c0 (_vgnU_ifunc_wrapper)
--5437-- REDIR: 0x50b93f0 (libc.so.6:__memcpy_chk) redirected to 0x483d1c0 (_vgnU_ifunc_wrapper)
--5437-- REDIR: 0x5034200 (libc.so.6:memrchr) redirected to 0x483d1c0 (_vgnU_ifunc_wrapper)
--5437-- REDIR: 0x504e350 (libc.so.6:wcsncpy) redirected to 0x483d1c0 (_vgnU_ifunc_wrapper)
--5437-- REDIR: 0x5033720 (libc.so.6:memcpy@@GLIBC_2.14) redirected to 0x483d1c0 (_vgnU_ifunc_wrapper)
--5437-- REDIR: 0x504c8e0 (libc.so.6:wcschr) redirected to 0x483d1c0 (_vgnU_ifunc_wrapper)
--5437-- REDIR: 0x5035090 (libc.so.6:index) redirected to 0x483d1c0 (_vgnU_ifunc_wrapper)
--5437-- REDIR: 0x5037110 (libc.so.6:rindex) redirected to 0x483d1c0 (_vgnU_ifunc_wrapper)
--5437-- REDIR: 0x504c990 (libc.so.6:wcscmp) redirected to 0x483d1c0 (_vgnU_ifunc_wrapper)
--5437-- REDIR: 0x50344b0 (libc.so.6:stpncpy) redirected to 0x483d1c0 (_vgnU_ifunc_wrapper)
--5437-- REDIR: 0x505aeb0 (libc.so.6:wmemchr) redirected to 0x483d1c0 (_vgnU_ifunc_wrapper)
--5437-- REDIR: 0x5036ef0 (libc.so.6:strncmp) redirected to 0x483d1c0 (_vgnU_ifunc_wrapper)
--5437-- REDIR: 0x5034510 (libc.so.6:strcasecmp) redirected to 0x483d1c0 (_vgnU_ifunc_wrapper)
--5437-- REDIR: 0x5036310 (libc.so.6:strcspn) redirected to 0x483d1c0 (_vgnU_ifunc_wrapper)
--5437-- REDIR: 0x504d8f0 (libc.so.6:wcscpy) redirected to 0x483d1c0 (_vgnU_ifunc_wrapper)
--5437-- REDIR: 0x5035020 (libc.so.6:strcat) redirected to 0x483d1c0 (_vgnU_ifunc_wrapper)
--5437-- REDIR: 0x5036df0 (libc.so.6:strncasecmp_l) redirected to 0x483d1c0 (_vgnU_ifunc_wrapper)
--5437-- REDIR: 0x5035110 (libc.so.6:strchrnul) redirected to 0x483d1c0 (_vgnU_ifunc_wrapper)
--5437-- REDIR: 0x5033630 (libc.so.6:bcmp) redirected to 0x483d1c0 (_vgnU_ifunc_wrapper)
--5437-- REDIR: 0x50362a0 (libc.so.6:strcpy) redirected to 0x483d1c0 (_vgnU_ifunc_wrapper)
--5437-- REDIR: 0x50345b0 (libc.so.6:strcasecmp_l) redirected to 0x483d1c0 (_vgnU_ifunc_wrapper)
--5437-- REDIR: 0x5036cc0 (libc.so.6:strlen) redirected to 0x483d1c0 (_vgnU_ifunc_wrapper)
--5437-- REDIR: 0x5036f90 (libc.so.6:strncpy) redirected to 0x483d1c0 (_vgnU_ifunc_wrapper)
--5437-- REDIR: 0x505af30 (libc.so.6:wmemcmp) redirected to 0x483d1c0 (_vgnU_ifunc_wrapper)
--5437-- REDIR: 0x50b9510 (libc.so.6:__memmove_chk) redirected to 0x483d1c0 (_vgnU_ifunc_wrapper)
==5437== WARNING: new redirection conflicts with existing -- ignoring it
--5437--     old: 0x0510aa10 (__memcpy_chk_avx_una) R-> (2030.0) 0x04853dd0 __memcpy_chk
--5437--     new: 0x0510aa10 (__memcpy_chk_avx_una) R-> (2024.0) 0x04853740 __memmove_chk
--5437-- REDIR: 0x5034440 (libc.so.6:stpcpy) redirected to 0x483d1c0 (_vgnU_ifunc_wrapper)
--5437-- REDIR: 0x5033fc0 (libc.so.6:memmove) redirected to 0x483d1c0 (_vgnU_ifunc_wrapper)
==5437== Preferring higher priority redirection:
--5437--     old: 0x0510aa40 (__memcpy_avx_unalign) R-> (2018.0) 0x04851580 __memcpy_avx_unaligned_erms
--5437--     new: 0x0510aa40 (__memcpy_avx_unalign) R-> (2018.1) 0x04852d60 memmove
--5437-- REDIR: 0x50335b0 (libc.so.6:memchr) redirected to 0x483d1c0 (_vgnU_ifunc_wrapper)
--5437-- REDIR: 0x50372e0 (libc.so.6:strspn) redirected to 0x483d1c0 (_vgnU_ifunc_wrapper)
--5437-- REDIR: 0x50340e0 (libc.so.6:mempcpy) redirected to 0x483d1c0 (_vgnU_ifunc_wrapper)
--5437-- REDIR: 0x5036d50 (libc.so.6:strncasecmp) redirected to 0x483d1c0 (_vgnU_ifunc_wrapper)
--5437-- REDIR: 0x510f630 (libc.so.6:__strrchr_avx2) redirected to 0x484ed20 (rindex)
--5437-- REDIR: 0x510d780 (libc.so.6:__strlen_avx2) redirected to 0x484f220 (strlen)
--5437-- REDIR: 0x510a2e0 (libc.so.6:__memcmp_avx2_movbe) redirected to 0x4852480 (bcmp)
--5437-- REDIR: 0x510e860 (libc.so.6:__strncmp_avx2) redirected to 0x484fab0 (strncmp)
--5437-- REDIR: 0x502f650 (libc.so.6:malloc) redirected to 0x48467b0 (malloc)
--5437-- REDIR: 0x510aa40 (libc.so.6:__memcpy_avx_unaligned_erms) redirected to 0x4852d60 (memmove)
--5437-- REDIR: 0x510aa00 (libc.so.6:__mempcpy_avx_unaligned_erms) redirected to 0x48538d0 (mempcpy)
--5437-- REDIR: 0x510cde0 (libc.so.6:__strchrnul_avx2) redirected to 0x48537b0 (strchrnul)
--5437-- REDIR: 0x510d530 (libc.so.6:__strcpy_avx2) redirected to 0x484f370 (strcpy)
--5437-- REDIR: 0x510eec0 (libc.so.6:__strncpy_avx2) redirected to 0x484f4f0 (strncpy)
--5437-- REDIR: 0x4d8f8e0 (libstdc++.so.6:operator new(unsigned long)) redirected to 0x4846f30 (operator new(unsigned long))
--5437-- REDIR: 0x4d8d8a0 (libstdc++.so.6:operator delete(void*)) redirected to 0x484a080 (operator delete(void*))
--5437-- REDIR: 0x502fd30 (libc.so.6:free) redirected to 0x4849820 (free)
==5437== 
==5437== HEAP SUMMARY:
==5437==     in use at exit: 0 bytes in 0 blocks
==5437==   total heap usage: 7 allocs, 7 frees, 77,044 bytes allocated
==5437== 
==5437== All heap blocks were freed -- no leaks are possible
==5437== 
==5437== ERROR SUMMARY: 0 errors from 0 contexts (suppressed: 0 from 0)
